app/[locale]/(dashboard)/admin/settings/components/EmailTemplates.tsx(58,19): error TS1127: Invalid character.
app/[locale]/(dashboard)/admin/settings/components/EmailTemplates.tsx(59,7): error TS1136: Property assignment expected.
app/[locale]/(dashboard)/admin/settings/components/EmailTemplates.tsx(59,12): error TS1005: ',' expected.
app/[locale]/(dashboard)/admin/settings/components/EmailTemplates.tsx(60,9): error TS2657: JSX expressions must have one parent element.
app/[locale]/(dashboard)/admin/settings/components/EmailTemplates.tsx(74,7): error TS1005: ',' expected.
app/[locale]/(dashboard)/admin/settings/components/EmailTemplates.tsx(75,5): error TS1127: Invalid character.
app/[locale]/(dashboard)/admin/settings/components/EmailTemplates.tsx(75,6): error TS1128: Declaration or statement expected.
app/[locale]/(dashboard)/admin/settings/components/EmailTemplates.tsx(76,19): error TS1127: Invalid character.
app/[locale]/(dashboard)/admin/settings/components/EmailTemplates.tsx(76,20): error TS1434: Unexpected keyword or identifier.
app/[locale]/(dashboard)/admin/settings/components/EmailTemplates.tsx(76,28): error TS1434: Unexpected keyword or identifier.
app/[locale]/(dashboard)/admin/settings/components/EmailTemplates.tsx(76,41): error TS1136: Property assignment expected.
app/[locale]/(dashboard)/admin/settings/components/EmailTemplates.tsx(76,52): error TS1128: Declaration or statement expected.
app/[locale]/(dashboard)/admin/settings/components/EmailTemplates.tsx(78,7): error TS1005: ';' expected.
app/[locale]/(dashboard)/admin/settings/components/EmailTemplates.tsx(78,15): error TS1005: '(' expected.
app/[locale]/(dashboard)/admin/settings/components/EmailTemplates.tsx(78,23): error TS1005: ';' expected.
app/[locale]/(dashboard)/admin/settings/components/EmailTemplates.tsx(78,32): error TS1005: ';' expected.
app/[locale]/(dashboard)/admin/settings/components/EmailTemplates.tsx(78,40): error TS1005: ')' expected.
app/[locale]/(dashboard)/admin/settings/components/EmailTemplates.tsx(78,43): error TS1434: Unexpected keyword or identifier.
app/[locale]/(dashboard)/admin/settings/components/EmailTemplates.tsx(78,47): error TS1434: Unexpected keyword or identifier.
app/[locale]/(dashboard)/admin/settings/components/EmailTemplates.tsx(78,53): error TS1434: Unexpected keyword or identifier.
app/[locale]/(dashboard)/admin/settings/components/EmailTemplates.tsx(78,60): error TS1003: Identifier expected.
app/[locale]/(dashboard)/admin/settings/components/EmailTemplates.tsx(80,1): error TS1434: Unexpected keyword or identifier.
app/[locale]/(dashboard)/admin/settings/components/EmailTemplates.tsx(85,1): error TS1435: Unknown keyword or identifier. Did you mean 'get'?
app/[locale]/(dashboard)/admin/settings/components/EmailTemplates.tsx(85,5): error TS1434: Unexpected keyword or identifier.
app/[locale]/(dashboard)/admin/settings/components/EmailTemplates.tsx(87,7): error TS1005: ';' expected.
app/[locale]/(dashboard)/admin/settings/components/EmailTemplates.tsx(87,20): error TS1005: ';' expected.
app/[locale]/(dashboard)/admin/settings/components/EmailTemplates.tsx(87,36): error TS1127: Invalid character.
app/[locale]/(dashboard)/admin/settings/components/EmailTemplates.tsx(87,37): error TS1128: Declaration or statement expected.
app/[locale]/(dashboard)/admin/settings/components/EmailTemplates.tsx(89,13): error TS1005: ';' expected.
app/[locale]/(dashboard)/admin/settings/components/EmailTemplates.tsx(90,14): error TS1005: ';' expected.
app/[locale]/(dashboard)/admin/settings/components/EmailTemplates.tsx(91,3): error TS1128: Declaration or statement expected.
app/[locale]/(dashboard)/admin/settings/components/EmailTemplates.tsx(91,4): error TS1128: Declaration or statement expected.
app/[locale]/(dashboard)/admin/settings/components/EmailTemplates.tsx(94,12): error TS1005: ';' expected.
app/[locale]/(dashboard)/admin/settings/components/EmailTemplates.tsx(95,17): error TS1005: ';' expected.
app/[locale]/(dashboard)/admin/settings/components/EmailTemplates.tsx(95,19): error TS1127: Invalid character.
app/[locale]/(dashboard)/admin/settings/components/EmailTemplates.tsx(114,5): error TS1127: Invalid character.
app/[locale]/(dashboard)/admin/settings/components/EmailTemplates.tsx(114,6): error TS1128: Declaration or statement expected.
app/[locale]/(dashboard)/admin/settings/components/EmailTemplates.tsx(115,19): error TS1127: Invalid character.
app/[locale]/(dashboard)/admin/settings/components/EmailTemplates.tsx(115,20): error TS1434: Unexpected keyword or identifier.
app/[locale]/(dashboard)/admin/settings/components/EmailTemplates.tsx(117,1): error TS1434: Unexpected keyword or identifier.
app/[locale]/(dashboard)/admin/settings/components/EmailTemplates.tsx(117,17): error TS1128: Declaration or statement expected.
app/[locale]/(dashboard)/admin/settings/components/EmailTemplates.tsx(119,1): error TS1435: Unknown keyword or identifier. Did you mean 'this'?
app/[locale]/(dashboard)/admin/settings/components/EmailTemplates.tsx(119,6): error TS1228: A type predicate is only allowed in return type position for functions and methods.
app/[locale]/(dashboard)/admin/settings/components/EmailTemplates.tsx(119,9): error TS1434: Unexpected keyword or identifier.
app/[locale]/(dashboard)/admin/settings/components/EmailTemplates.tsx(119,11): error TS1434: Unexpected keyword or identifier.
app/[locale]/(dashboard)/admin/settings/components/EmailTemplates.tsx(119,20): error TS1434: Unexpected keyword or identifier.
app/[locale]/(dashboard)/admin/settings/components/EmailTemplates.tsx(119,25): error TS1434: Unexpected keyword or identifier.
app/[locale]/(dashboard)/admin/settings/components/EmailTemplates.tsx(119,30): error TS1434: Unexpected keyword or identifier.
app/[locale]/(dashboard)/admin/settings/components/EmailTemplates.tsx(119,38): error TS1228: A type predicate is only allowed in return type position for functions and methods.
app/[locale]/(dashboard)/admin/settings/components/EmailTemplates.tsx(119,41): error TS1434: Unexpected keyword or identifier.
app/[locale]/(dashboard)/admin/settings/components/EmailTemplates.tsx(119,49): error TS1005: '(' expected.
app/[locale]/(dashboard)/admin/settings/components/EmailTemplates.tsx(119,57): error TS1003: Identifier expected.
app/[locale]/(dashboard)/admin/settings/components/EmailTemplates.tsx(121,1): error TS1005: ';' expected.
app/[locale]/(dashboard)/admin/settings/components/EmailTemplates.tsx(121,9): error TS1005: ';' expected.
app/[locale]/(dashboard)/admin/settings/components/EmailTemplates.tsx(121,16): error TS1005: ')' expected.
app/[locale]/(dashboard)/admin/settings/components/EmailTemplates.tsx(122,1): error TS1434: Unexpected keyword or identifier.
app/[locale]/(dashboard)/admin/settings/components/EmailTemplates.tsx(124,1): error TS1434: Unexpected keyword or identifier.
app/[locale]/(dashboard)/admin/settings/components/EmailTemplates.tsx(127,1): error TS1434: Unexpected keyword or identifier.
app/[locale]/(dashboard)/admin/settings/components/EmailTemplates.tsx(129,7): error TS1005: ';' expected.
app/[locale]/(dashboard)/admin/settings/components/EmailTemplates.tsx(129,20): error TS1005: ';' expected.
app/[locale]/(dashboard)/admin/settings/components/EmailTemplates.tsx(129,36): error TS1127: Invalid character.
app/[locale]/(dashboard)/admin/settings/components/EmailTemplates.tsx(129,37): error TS1128: Declaration or statement expected.
app/[locale]/(dashboard)/admin/settings/components/EmailTemplates.tsx(131,13): error TS1005: ';' expected.
app/[locale]/(dashboard)/admin/settings/components/EmailTemplates.tsx(132,14): error TS1005: ';' expected.
app/[locale]/(dashboard)/admin/settings/components/EmailTemplates.tsx(133,4): error TS1128: Declaration or statement expected.
app/[locale]/(dashboard)/admin/settings/components/EmailTemplates.tsx(136,12): error TS1005: ';' expected.
app/[locale]/(dashboard)/admin/settings/components/EmailTemplates.tsx(137,17): error TS1005: ';' expected.
app/[locale]/(dashboard)/admin/settings/components/EmailTemplates.tsx(137,19): error TS1127: Invalid character.
app/[locale]/(dashboard)/admin/settings/components/EmailTemplates.tsx(153,5): error TS1127: Invalid character.
app/[locale]/(dashboard)/admin/settings/components/EmailTemplates.tsx(153,6): error TS1128: Declaration or statement expected.
app/[locale]/(dashboard)/admin/settings/components/EmailTemplates.tsx(154,19): error TS1127: Invalid character.
app/[locale]/(dashboard)/admin/settings/components/EmailTemplates.tsx(154,20): error TS1434: Unexpected keyword or identifier.
app/[locale]/(dashboard)/admin/settings/components/EmailTemplates.tsx(154,29): error TS1435: Unknown keyword or identifier. Did you mean 'set'?
app/[locale]/(dashboard)/admin/settings/components/EmailTemplates.tsx(156,1): error TS1434: Unexpected keyword or identifier.
app/[locale]/(dashboard)/admin/settings/components/EmailTemplates.tsx(156,17): error TS1128: Declaration or statement expected.
app/[locale]/(dashboard)/admin/settings/components/EmailTemplates.tsx(158,1): error TS1434: Unexpected keyword or identifier.
app/[locale]/(dashboard)/admin/settings/components/EmailTemplates.tsx(158,4): error TS1434: Unexpected keyword or identifier.
app/[locale]/(dashboard)/admin/settings/components/EmailTemplates.tsx(158,13): error TS1434: Unexpected keyword or identifier.
app/[locale]/(dashboard)/admin/settings/components/EmailTemplates.tsx(158,15): error TS1434: Unexpected keyword or identifier.
app/[locale]/(dashboard)/admin/settings/components/EmailTemplates.tsx(158,23): error TS1434: Unexpected keyword or identifier.
app/[locale]/(dashboard)/admin/settings/components/EmailTemplates.tsx(158,26): error TS1435: Unknown keyword or identifier. Did you mean 'set'?
app/[locale]/(dashboard)/admin/settings/components/EmailTemplates.tsx(158,32): error TS1434: Unexpected keyword or identifier.
app/[locale]/(dashboard)/admin/settings/components/EmailTemplates.tsx(158,53): error TS1005: ';' expected.
app/[locale]/(dashboard)/admin/settings/components/EmailTemplates.tsx(158,57): error TS1434: Unexpected keyword or identifier.
app/[locale]/(dashboard)/admin/settings/components/EmailTemplates.tsx(158,62): error TS1434: Unexpected keyword or identifier.
app/[locale]/(dashboard)/admin/settings/components/EmailTemplates.tsx(158,68): error TS1434: Unexpected keyword or identifier.
app/[locale]/(dashboard)/admin/settings/components/EmailTemplates.tsx(158,71): error TS1435: Unknown keyword or identifier. Did you mean 'set'?
app/[locale]/(dashboard)/admin/settings/components/EmailTemplates.tsx(158,80): error TS1003: Identifier expected.
app/[locale]/(dashboard)/admin/settings/components/EmailTemplates.tsx(160,1): error TS1435: Unknown keyword or identifier. Did you mean 'this'?
app/[locale]/(dashboard)/admin/settings/components/EmailTemplates.tsx(160,6): error TS1434: Unexpected keyword or identifier.
app/[locale]/(dashboard)/admin/settings/components/EmailTemplates.tsx(160,11): error TS1434: Unexpected keyword or identifier.
app/[locale]/(dashboard)/admin/settings/components/EmailTemplates.tsx(160,28): error TS1005: ';' expected.
app/[locale]/(dashboard)/admin/settings/components/EmailTemplates.tsx(160,33): error TS1003: Identifier expected.
app/[locale]/(dashboard)/admin/settings/components/EmailTemplates.tsx(162,1): error TS1435: Unknown keyword or identifier. Did you mean 'set'?
app/[locale]/(dashboard)/admin/settings/components/EmailTemplates.tsx(164,1): error TS1434: Unexpected keyword or identifier.
app/[locale]/(dashboard)/admin/settings/components/EmailTemplates.tsx(164,4): error TS1434: Unexpected keyword or identifier.
app/[locale]/(dashboard)/admin/settings/components/EmailTemplates.tsx(164,8): error TS1434: Unexpected keyword or identifier.
app/[locale]/(dashboard)/admin/settings/components/EmailTemplates.tsx(164,54): error TS1002: Unterminated string literal.
app/[locale]/(dashboard)/admin/settings/components/EmailTemplates.tsx(165,7): error TS1005: ';' expected.
app/[locale]/(dashboard)/admin/settings/components/EmailTemplates.tsx(165,20): error TS1005: ';' expected.
app/[locale]/(dashboard)/admin/settings/components/EmailTemplates.tsx(165,36): error TS1127: Invalid character.
app/[locale]/(dashboard)/admin/settings/components/EmailTemplates.tsx(165,37): error TS1128: Declaration or statement expected.
app/[locale]/(dashboard)/admin/settings/components/EmailTemplates.tsx(167,13): error TS1005: ';' expected.
app/[locale]/(dashboard)/admin/settings/components/EmailTemplates.tsx(168,14): error TS1005: ';' expected.
app/[locale]/(dashboard)/admin/settings/components/EmailTemplates.tsx(170,1): error TS1128: Declaration or statement expected.
app/[locale]/(dashboard)/admin/settings/components/EmailTemplates.tsx(236,11): error TS1127: Invalid character.
app/[locale]/(dashboard)/admin/settings/components/EmailTemplates.tsx(236,12): error TS1127: Invalid character.
app/[locale]/(dashboard)/admin/settings/components/EmailTemplates.tsx(236,19): error TS1127: Invalid character.
app/[locale]/(dashboard)/admin/settings/components/EmailTemplates.tsx(236,20): error TS1127: Invalid character.
app/[locale]/(dashboard)/admin/settings/components/EmailTemplates.tsx(236,21): error TS1136: Property assignment expected.
app/[locale]/(dashboard)/admin/settings/components/EmailTemplates.tsx(237,13): error TS1127: Invalid character.
app/[locale]/(dashboard)/admin/settings/components/EmailTemplates.tsx(237,14): error TS1127: Invalid character.
app/[locale]/(dashboard)/admin/settings/components/EmailTemplates.tsx(237,16): error TS1136: Property assignment expected.
app/[locale]/(dashboard)/admin/settings/components/EmailTemplates.tsx(237,22): error TS1127: Invalid character.
app/[locale]/(dashboard)/admin/settings/components/EmailTemplates.tsx(237,23): error TS1134: Variable declaration expected.
app/[locale]/(dashboard)/admin/settings/components/EmailTemplates.tsx(238,23): error TS1005: '(' expected.
app/[locale]/(dashboard)/admin/settings/components/EmailTemplates.tsx(238,27): error TS1005: ',' expected.
app/[locale]/(dashboard)/admin/settings/components/EmailTemplates.tsx(238,28): error TS1109: Expression expected.
app/[locale]/(dashboard)/admin/settings/components/EmailTemplates.tsx(239,17): error TS1005: ';' expected.
app/[locale]/(dashboard)/admin/settings/components/EmailTemplates.tsx(253,11): error TS1127: Invalid character.
app/[locale]/(dashboard)/admin/settings/components/EmailTemplates.tsx(253,17): error TS1005: ',' expected.
app/[locale]/(dashboard)/admin/settings/components/EmailTemplates.tsx(253,23): error TS1005: ',' expected.
app/[locale]/(dashboard)/admin/settings/components/EmailTemplates.tsx(253,28): error TS1005: ',' expected.
app/[locale]/(dashboard)/admin/settings/components/EmailTemplates.tsx(253,31): error TS1127: Invalid character.
app/[locale]/(dashboard)/admin/settings/components/EmailTemplates.tsx(253,32): error TS1127: Invalid character.
app/[locale]/(dashboard)/admin/settings/components/EmailTemplates.tsx(274,24): error TS1127: Invalid character.
app/[locale]/(dashboard)/admin/settings/components/EmailTemplates.tsx(274,26): error TS1127: Invalid character.
app/[locale]/(dashboard)/admin/settings/components/EmailTemplates.tsx(274,28): error TS1127: Invalid character.
app/[locale]/(dashboard)/admin/settings/components/EmailTemplates.tsx(275,46): error TS1127: Invalid character.
app/[locale]/(dashboard)/admin/settings/components/EmailTemplates.tsx(275,48): error TS1136: Property assignment expected.
app/[locale]/(dashboard)/admin/settings/components/EmailTemplates.tsx(275,49): error TS1127: Invalid character.
app/[locale]/(dashboard)/admin/settings/components/EmailTemplates.tsx(275,51): error TS1005: ',' expected.
app/[locale]/(dashboard)/admin/settings/components/EmailTemplates.tsx(275,52): error TS1127: Invalid character.
app/[locale]/(dashboard)/admin/settings/components/EmailTemplates.tsx(275,53): error TS1135: Argument expression expected.
app/[locale]/(dashboard)/admin/settings/components/EmailTemplates.tsx(275,66): error TS1005: ';' expected.
app/[locale]/(dashboard)/admin/settings/components/EmailTemplates.tsx(276,8): error TS1128: Declaration or statement expected.
app/[locale]/(dashboard)/admin/settings/components/EmailTemplates.tsx(279,3): error TS1128: Declaration or statement expected.
app/[locale]/(dashboard)/admin/settings/components/EmailTemplates.tsx(305,21): error TS1127: Invalid character.
app/[locale]/(dashboard)/admin/settings/components/EmailTemplates.tsx(315,15): error TS1381: Unexpected token. Did you mean `{'}'}` or `&rbrace;`?
app/[locale]/(dashboard)/admin/settings/components/EmailTemplates.tsx(316,34): error TS1382: Unexpected token. Did you mean `{'>'}` or `&gt;`?
app/[locale]/(dashboard)/admin/settings/components/EmailTemplates.tsx(319,13): error TS1381: Unexpected token. Did you mean `{'}'}` or `&rbrace;`?
app/[locale]/(dashboard)/admin/settings/components/EmailTemplates.tsx(319,14): error TS1381: Unexpected token. Did you mean `{'}'}` or `&rbrace;`?
app/[locale]/(dashboard)/admin/settings/components/EmailTemplates.tsx(321,11): error TS1382: Unexpected token. Did you mean `{'>'}` or `&gt;`?
app/[locale]/(dashboard)/admin/settings/components/EmailTemplates.tsx(324,13): error TS17002: Expected corresponding JSX closing tag for 'CardHeader'.
app/[locale]/(dashboard)/admin/settings/components/EmailTemplates.tsx(325,11): error TS17002: Expected corresponding JSX closing tag for 'Card'.
app/[locale]/(dashboard)/admin/settings/components/EmailTemplates.tsx(623,9): error TS17002: Expected corresponding JSX closing tag for 'motion.div'.
app/[locale]/(dashboard)/admin/settings/components/EmailTemplates.tsx(625,7): error TS1005: ')' expected.
app/[locale]/(dashboard)/admin/settings/components/EmailTemplates.tsx(702,5): error TS1128: Declaration or statement expected.
app/[locale]/(dashboard)/admin/settings/components/EmailTemplates.tsx(703,3): error TS1109: Expression expected.
app/[locale]/(dashboard)/admin/settings/components/EmailTemplates.tsx(704,1): error TS1128: Declaration or statement expected.
app/[locale]/(dashboard)/clinic/analytics/customers/page.tsx(57,31): error TS1127: Invalid character.
app/[locale]/(dashboard)/clinic/analytics/customers/page.tsx(57,57): error TS1127: Invalid character.
app/[locale]/(dashboard)/clinic/analytics/customers/page.tsx(57,58): error TS1127: Invalid character.
app/[locale]/(dashboard)/clinic/analytics/customers/page.tsx(155,31): error TS1127: Invalid character.
app/[locale]/(dashboard)/clinic/analytics/customers/page.tsx(155,36): error TS1381: Unexpected token. Did you mean `{'}'}` or `&rbrace;`?
app/[locale]/(dashboard)/clinic/analytics/customers/page.tsx(155,37): error TS1381: Unexpected token. Did you mean `{'}'}` or `&rbrace;`?
app/[locale]/(dashboard)/clinic/analytics/customers/page.tsx(156,14): error TS1382: Unexpected token. Did you mean `{'>'}` or `&gt;`?
app/[locale]/(dashboard)/clinic/analytics/customers/page.tsx(342,45): error TS1127: Invalid character.
app/[locale]/(dashboard)/clinic/analytics/customers/page.tsx(342,50): error TS1381: Unexpected token. Did you mean `{'}'}` or `&rbrace;`?
app/[locale]/(dashboard)/clinic/analytics/customers/page.tsx(342,51): error TS1381: Unexpected token. Did you mean `{'}'}` or `&rbrace;`?
app/[locale]/(dashboard)/clinic/analytics/customers/page.tsx(343,28): error TS1382: Unexpected token. Did you mean `{'>'}` or `&gt;`?
app/[locale]/(dashboard)/clinic/quota/page.tsx(234,39): error TS1127: Invalid character.
app/[locale]/(dashboard)/clinic/quota/page.tsx(234,44): error TS1381: Unexpected token. Did you mean `{'}'}` or `&rbrace;`?
app/[locale]/(dashboard)/clinic/quota/page.tsx(234,45): error TS1381: Unexpected token. Did you mean `{'}'}` or `&rbrace;`?
app/[locale]/(dashboard)/clinic/quota/page.tsx(240,20): error TS1382: Unexpected token. Did you mean `{'>'}` or `&gt;`?
app/[locale]/(dashboard)/clinic/revenue/page.tsx(1,1): error TS1490: File appears to be binary.
app/[locale]/(dashboard)/clinic/revenue/page.tsx(70,15): error TS1127: Invalid character.
app/[locale]/(dashboard)/clinic/revenue/page.tsx(70,59): error TS1005: ':' expected.
app/[locale]/(dashboard)/clinic/revenue/page.tsx(70,60): error TS1127: Invalid character.
app/[locale]/(dashboard)/clinic/revenue/page.tsx(70,61): error TS1127: Invalid character.
app/[locale]/(dashboard)/clinic/revenue/page.tsx(71,15): error TS1127: Invalid character.
app/[locale]/(dashboard)/clinic/revenue/page.tsx(71,58): error TS1005: ':' expected.
app/[locale]/(dashboard)/clinic/revenue/page.tsx(71,59): error TS1127: Invalid character.
app/[locale]/(dashboard)/clinic/revenue/page.tsx(71,60): error TS1127: Invalid character.
app/[locale]/(dashboard)/clinic/revenue/page.tsx(94,22): error TS1127: Invalid character.
app/[locale]/(dashboard)/clinic/revenue/page.tsx(94,23): error TS1003: Identifier expected.
app/[locale]/(dashboard)/clinic/revenue/page.tsx(94,87): error TS1002: Unterminated string literal.
app/[locale]/(dashboard)/clinic/revenue/page.tsx(95,21): error TS1005: ';' expected.
app/[locale]/(dashboard)/clinic/revenue/page.tsx(95,31): error TS1127: Invalid character.
app/[locale]/(dashboard)/clinic/revenue/page.tsx(95,73): error TS1002: Unterminated string literal.
app/[locale]/(dashboard)/clinic/revenue/page.tsx(96,12): error TS1005: ';' expected.
app/[locale]/(dashboard)/clinic/revenue/page.tsx(96,22): error TS1127: Invalid character.
app/[locale]/(dashboard)/clinic/revenue/page.tsx(96,140): error TS1002: Unterminated string literal.
app/[locale]/(dashboard)/clinic/revenue/page.tsx(97,7): error TS1128: Declaration or statement expected.
app/[locale]/(dashboard)/clinic/revenue/page.tsx(98,5): error TS1109: Expression expected.
app/[locale]/(dashboard)/clinic/revenue/page.tsx(105,17): error TS1127: Invalid character.
app/[locale]/(dashboard)/clinic/revenue/page.tsx(105,18): error TS1003: Identifier expected.
app/[locale]/(dashboard)/clinic/revenue/page.tsx(105,46): error TS1002: Unterminated string literal.
app/[locale]/(dashboard)/clinic/revenue/page.tsx(110,22): error TS1127: Invalid character.
app/[locale]/(dashboard)/clinic/revenue/page.tsx(110,23): error TS1003: Identifier expected.
app/[locale]/(dashboard)/clinic/revenue/page.tsx(110,95): error TS1002: Unterminated string literal.
app/[locale]/(dashboard)/clinic/revenue/page.tsx(111,14): error TS1005: ';' expected.
app/[locale]/(dashboard)/clinic/revenue/page.tsx(111,24): error TS1127: Invalid character.
app/[locale]/(dashboard)/clinic/revenue/page.tsx(111,38): error TS1002: Unterminated string literal.
app/[locale]/(dashboard)/clinic/revenue/page.tsx(113,22): error TS1136: Property assignment expected.
app/[locale]/(dashboard)/clinic/revenue/page.tsx(113,37): error TS1005: ';' expected.
app/[locale]/(dashboard)/clinic/revenue/page.tsx(114,22): error TS1136: Property assignment expected.
app/[locale]/(dashboard)/clinic/revenue/page.tsx(114,37): error TS1005: ';' expected.
app/[locale]/(dashboard)/clinic/revenue/page.tsx(114,42): error TS1128: Declaration or statement expected.
app/[locale]/(dashboard)/clinic/revenue/page.tsx(115,23): error TS1127: Invalid character.
app/[locale]/(dashboard)/clinic/revenue/page.tsx(115,113): error TS1002: Unterminated string literal.
app/[locale]/(dashboard)/clinic/revenue/page.tsx(117,29): error TS1127: Invalid character.
app/[locale]/(dashboard)/clinic/revenue/page.tsx(117,30): error TS1003: Identifier expected.
app/[locale]/(dashboard)/clinic/revenue/page.tsx(117,65): error TS1002: Unterminated string literal.
app/[locale]/(dashboard)/clinic/revenue/page.tsx(118,13): error TS1434: Unexpected keyword or identifier.
app/[locale]/(dashboard)/clinic/revenue/page.tsx(118,23): error TS1434: Unexpected keyword or identifier.
app/[locale]/(dashboard)/clinic/revenue/page.tsx(119,11): error TS1128: Declaration or statement expected.
app/[locale]/(dashboard)/clinic/revenue/page.tsx(124,23): error TS1127: Invalid character.
app/[locale]/(dashboard)/clinic/revenue/page.tsx(124,24): error TS1003: Identifier expected.
app/[locale]/(dashboard)/clinic/revenue/page.tsx(124,99): error TS1002: Unterminated string literal.
app/[locale]/(dashboard)/clinic/revenue/page.tsx(126,27): error TS1005: ';' expected.
app/[locale]/(dashboard)/clinic/revenue/page.tsx(126,37): error TS1127: Invalid character.
app/[locale]/(dashboard)/clinic/revenue/page.tsx(126,73): error TS1002: Unterminated string literal.
app/[locale]/(dashboard)/clinic/revenue/page.tsx(127,11): error TS1128: Declaration or statement expected.
app/[locale]/(dashboard)/clinic/revenue/page.tsx(132,23): error TS1127: Invalid character.
app/[locale]/(dashboard)/clinic/revenue/page.tsx(132,24): error TS1003: Identifier expected.
app/[locale]/(dashboard)/clinic/revenue/page.tsx(132,74): error TS1002: Unterminated string literal.
app/[locale]/(dashboard)/clinic/revenue/page.tsx(134,23): error TS1005: ';' expected.
app/[locale]/(dashboard)/clinic/revenue/page.tsx(134,52): error TS1005: ';' expected.
app/[locale]/(dashboard)/clinic/revenue/page.tsx(134,73): error TS1005: ';' expected.
app/[locale]/(dashboard)/clinic/revenue/page.tsx(135,11): error TS1003: Identifier expected.
app/[locale]/(dashboard)/clinic/revenue/page.tsx(136,9): error TS1109: Expression expected.
app/[locale]/(dashboard)/clinic/revenue/page.tsx(138,24): error TS1127: Invalid character.
app/[locale]/(dashboard)/clinic/revenue/page.tsx(138,25): error TS1003: Identifier expected.
app/[locale]/(dashboard)/clinic/revenue/page.tsx(138,52): error TS1002: Unterminated string literal.
app/[locale]/(dashboard)/clinic/revenue/page.tsx(139,16): error TS1005: ';' expected.
app/[locale]/(dashboard)/clinic/revenue/page.tsx(139,26): error TS1127: Invalid character.
app/[locale]/(dashboard)/clinic/revenue/page.tsx(139,109): error TS1002: Unterminated string literal.
app/[locale]/(dashboard)/clinic/revenue/page.tsx(145,19): error TS1127: Invalid character.
app/[locale]/(dashboard)/clinic/revenue/page.tsx(145,135): error TS1002: Unterminated string literal.
app/[locale]/(dashboard)/clinic/revenue/page.tsx(146,19): error TS1005: ',' expected.
app/[locale]/(dashboard)/clinic/revenue/page.tsx(147,23): error TS1127: Invalid character.
app/[locale]/(dashboard)/clinic/revenue/page.tsx(147,91): error TS1002: Unterminated string literal.
app/[locale]/(dashboard)/clinic/revenue/page.tsx(148,21): error TS1005: ',' expected.
app/[locale]/(dashboard)/clinic/revenue/page.tsx(148,23): error TS1127: Invalid character.
app/[locale]/(dashboard)/clinic/revenue/page.tsx(148,123): error TS1002: Unterminated string literal.
app/[locale]/(dashboard)/clinic/revenue/page.tsx(154,11): error TS1128: Declaration or statement expected.
app/[locale]/(dashboard)/clinic/revenue/page.tsx(156,21): error TS1127: Invalid character.
app/[locale]/(dashboard)/clinic/revenue/page.tsx(156,22): error TS1003: Identifier expected.
app/[locale]/(dashboard)/clinic/revenue/page.tsx(156,32): error TS1002: Unterminated string literal.
app/[locale]/(dashboard)/clinic/revenue/page.tsx(159,23): error TS1127: Invalid character.
app/[locale]/(dashboard)/clinic/revenue/page.tsx(159,141): error TS1002: Unterminated string literal.
app/[locale]/(dashboard)/clinic/revenue/page.tsx(161,37): error TS1127: Invalid character.
app/[locale]/(dashboard)/clinic/revenue/page.tsx(161,38): error TS1003: Identifier expected.
app/[locale]/(dashboard)/clinic/revenue/page.tsx(161,105): error TS1002: Unterminated string literal.
app/[locale]/(dashboard)/clinic/revenue/page.tsx(162,13): error TS1435: Unknown keyword or identifier. Did you mean 'async'?
app/[locale]/(dashboard)/clinic/revenue/page.tsx(163,11): error TS1128: Declaration or statement expected.
app/[locale]/(dashboard)/clinic/revenue/page.tsx(164,9): error TS1109: Expression expected.
app/[locale]/(dashboard)/clinic/revenue/page.tsx(165,7): error TS1109: Expression expected.
app/[locale]/(dashboard)/clinic/revenue/page.tsx(168,12): error TS1005: ';' expected.
app/[locale]/(dashboard)/clinic/revenue/page.tsx(168,22): error TS1127: Invalid character.
app/[locale]/(dashboard)/clinic/revenue/page.tsx(168,84): error TS1002: Unterminated string literal.
app/[locale]/(dashboard)/clinic/revenue/page.tsx(170,17): error TS1127: Invalid character.
app/[locale]/(dashboard)/clinic/revenue/page.tsx(170,39): error TS1002: Unterminated string literal.
app/[locale]/(dashboard)/clinic/revenue/page.tsx(171,23): error TS1005: ',' expected.
app/[locale]/(dashboard)/clinic/revenue/page.tsx(171,38): error TS1005: ',' expected.
app/[locale]/(dashboard)/clinic/revenue/page.tsx(171,42): error TS1128: Declaration or statement expected.
app/[locale]/(dashboard)/clinic/revenue/page.tsx(172,18): error TS1127: Invalid character.
app/[locale]/(dashboard)/clinic/revenue/page.tsx(172,23): error TS1002: Unterminated string literal.
app/[locale]/(dashboard)/clinic/revenue/page.tsx(174,17): error TS1127: Invalid character.
app/[locale]/(dashboard)/clinic/revenue/page.tsx(174,23): error TS1002: Unterminated string literal.
app/[locale]/(dashboard)/clinic/revenue/page.tsx(175,23): error TS1005: ':' expected.
app/[locale]/(dashboard)/clinic/revenue/page.tsx(176,21): error TS1127: Invalid character.
app/[locale]/(dashboard)/clinic/revenue/page.tsx(176,28): error TS1002: Unterminated string literal.
app/[locale]/(dashboard)/clinic/revenue/page.tsx(177,10): error TS1109: Expression expected.
app/[locale]/(dashboard)/clinic/revenue/page.tsx(179,17): error TS1127: Invalid character.
app/[locale]/(dashboard)/clinic/revenue/page.tsx(179,18): error TS1003: Identifier expected.
app/[locale]/(dashboard)/clinic/revenue/page.tsx(179,40): error TS1002: Unterminated string literal.
app/[locale]/(dashboard)/clinic/revenue/page.tsx(180,23): error TS1005: ',' expected.
app/[locale]/(dashboard)/clinic/revenue/page.tsx(180,42): error TS1005: ',' expected.
app/[locale]/(dashboard)/clinic/revenue/page.tsx(180,46): error TS1128: Declaration or statement expected.
app/[locale]/(dashboard)/clinic/revenue/page.tsx(182,21): error TS1127: Invalid character.
app/[locale]/(dashboard)/clinic/revenue/page.tsx(182,28): error TS1002: Unterminated string literal.
app/[locale]/(dashboard)/clinic/revenue/page.tsx(183,10): error TS1109: Expression expected.
app/[locale]/(dashboard)/clinic/revenue/page.tsx(185,17): error TS1127: Invalid character.
app/[locale]/(dashboard)/clinic/revenue/page.tsx(185,18): error TS1003: Identifier expected.
app/[locale]/(dashboard)/clinic/revenue/page.tsx(185,36): error TS1002: Unterminated string literal.
app/[locale]/(dashboard)/clinic/revenue/page.tsx(186,23): error TS1005: ',' expected.
app/[locale]/(dashboard)/clinic/revenue/page.tsx(186,38): error TS1005: ',' expected.
app/[locale]/(dashboard)/clinic/revenue/page.tsx(186,126): error TS1128: Declaration or statement expected.
app/[locale]/(dashboard)/clinic/revenue/page.tsx(187,18): error TS1127: Invalid character.
app/[locale]/(dashboard)/clinic/revenue/page.tsx(187,23): error TS1002: Unterminated string literal.
app/[locale]/(dashboard)/clinic/revenue/page.tsx(189,21): error TS1127: Invalid character.
app/[locale]/(dashboard)/clinic/revenue/page.tsx(189,28): error TS1002: Unterminated string literal.
app/[locale]/(dashboard)/clinic/revenue/page.tsx(190,10): error TS1109: Expression expected.
app/[locale]/(dashboard)/clinic/revenue/page.tsx(192,17): error TS1127: Invalid character.
app/[locale]/(dashboard)/clinic/revenue/page.tsx(192,18): error TS1003: Identifier expected.
app/[locale]/(dashboard)/clinic/revenue/page.tsx(192,34): error TS1002: Unterminated string literal.
app/[locale]/(dashboard)/clinic/revenue/page.tsx(193,21): error TS1005: ':' expected.
app/[locale]/(dashboard)/clinic/revenue/page.tsx(194,18): error TS1127: Invalid character.
app/[locale]/(dashboard)/clinic/revenue/page.tsx(194,23): error TS1002: Unterminated string literal.
app/[locale]/(dashboard)/clinic/revenue/page.tsx(196,21): error TS1127: Invalid character.
app/[locale]/(dashboard)/clinic/revenue/page.tsx(196,41): error TS1002: Unterminated string literal.
app/[locale]/(dashboard)/clinic/revenue/page.tsx(197,21): error TS1127: Invalid character.
app/[locale]/(dashboard)/clinic/revenue/page.tsx(197,28): error TS1002: Unterminated string literal.
app/[locale]/(dashboard)/clinic/revenue/page.tsx(198,10): error TS1109: Expression expected.
app/[locale]/(dashboard)/clinic/revenue/page.tsx(199,7): error TS1109: Expression expected.
app/[locale]/(dashboard)/clinic/revenue/page.tsx(201,22): error TS1127: Invalid character.
app/[locale]/(dashboard)/clinic/revenue/page.tsx(201,23): error TS1003: Identifier expected.
app/[locale]/(dashboard)/clinic/revenue/page.tsx(201,70): error TS1002: Unterminated string literal.
app/[locale]/(dashboard)/clinic/revenue/page.tsx(203,24): error TS1127: Invalid character.
app/[locale]/(dashboard)/clinic/revenue/page.tsx(203,25): error TS1003: Identifier expected.
app/[locale]/(dashboard)/clinic/revenue/page.tsx(203,53): error TS1002: Unterminated string literal.
app/[locale]/(dashboard)/clinic/revenue/page.tsx(204,17): error TS1005: ';' expected.
app/[locale]/(dashboard)/clinic/revenue/page.tsx(204,27): error TS1127: Invalid character.
app/[locale]/(dashboard)/clinic/revenue/page.tsx(204,100): error TS1002: Unterminated string literal.
app/[locale]/(dashboard)/clinic/revenue/page.tsx(205,25): error TS1005: ';' expected.
app/[locale]/(dashboard)/clinic/revenue/page.tsx(205,35): error TS1127: Invalid character.
app/[locale]/(dashboard)/clinic/revenue/page.tsx(205,85): error TS1002: Unterminated string literal.
app/[locale]/(dashboard)/clinic/revenue/page.tsx(206,20): error TS1005: ';' expected.
app/[locale]/(dashboard)/clinic/revenue/page.tsx(206,30): error TS1127: Invalid character.
app/[locale]/(dashboard)/clinic/revenue/page.tsx(206,58): error TS1002: Unterminated string literal.
app/[locale]/(dashboard)/clinic/revenue/page.tsx(207,22): error TS1005: ';' expected.
app/[locale]/(dashboard)/clinic/revenue/page.tsx(207,32): error TS1127: Invalid character.
app/[locale]/(dashboard)/clinic/revenue/page.tsx(207,156): error TS1002: Unterminated string literal.
app/[locale]/(dashboard)/clinic/revenue/page.tsx(208,29): error TS1005: ';' expected.
app/[locale]/(dashboard)/clinic/revenue/page.tsx(208,36): error TS1127: Invalid character.
app/[locale]/(dashboard)/clinic/revenue/page.tsx(208,72): error TS1002: Unterminated string literal.
app/[locale]/(dashboard)/clinic/revenue/page.tsx(209,17): error TS1128: Declaration or statement expected.
app/[locale]/(dashboard)/clinic/revenue/page.tsx(210,17): error TS2657: JSX expressions must have one parent element.
app/[locale]/(dashboard)/clinic/revenue/page.tsx(211,40): error TS1127: Invalid character.
app/[locale]/(dashboard)/clinic/revenue/page.tsx(211,87): error TS1382: Unexpected token. Did you mean `{'>'}` or `&gt;`?
app/[locale]/(dashboard)/clinic/revenue/page.tsx(211,113): error TS17002: Expected corresponding JSX closing tag for 'div'.
app/[locale]/(dashboard)/clinic/revenue/page.tsx(212,32): error TS1127: Invalid character.
app/[locale]/(dashboard)/clinic/revenue/page.tsx(212,33): error TS1003: Identifier expected.
app/[locale]/(dashboard)/clinic/revenue/page.tsx(212,33): error TS1005: ';' expected.
app/[locale]/(dashboard)/clinic/revenue/page.tsx(212,152): error TS1002: Unterminated string literal.
app/[locale]/(dashboard)/clinic/revenue/page.tsx(213,17): error TS1128: Declaration or statement expected.
app/[locale]/(dashboard)/clinic/revenue/page.tsx(214,15): error TS1109: Expression expected.
app/[locale]/(dashboard)/clinic/revenue/page.tsx(215,13): error TS1109: Expression expected.
app/[locale]/(dashboard)/clinic/revenue/page.tsx(216,36): error TS1127: Invalid character.
app/[locale]/(dashboard)/clinic/revenue/page.tsx(216,37): error TS1003: Identifier expected.
app/[locale]/(dashboard)/clinic/revenue/page.tsx(216,55): error TS1002: Unterminated string literal.
app/[locale]/(dashboard)/clinic/revenue/page.tsx(217,36): error TS1005: ';' expected.
app/[locale]/(dashboard)/clinic/revenue/page.tsx(217,42): error TS1127: Invalid character.
app/[locale]/(dashboard)/clinic/revenue/page.tsx(217,67): error TS1002: Unterminated string literal.
app/[locale]/(dashboard)/clinic/revenue/page.tsx(218,28): error TS1005: ';' expected.
app/[locale]/(dashboard)/clinic/revenue/page.tsx(218,39): error TS1005: ',' expected.
app/[locale]/(dashboard)/clinic/revenue/page.tsx(218,51): error TS1005: ',' expected.
app/[locale]/(dashboard)/clinic/revenue/page.tsx(218,56): error TS1128: Declaration or statement expected.
app/[locale]/(dashboard)/clinic/revenue/page.tsx(218,57): error TS1109: Expression expected.
app/[locale]/(dashboard)/clinic/revenue/page.tsx(220,40): error TS1127: Invalid character.
app/[locale]/(dashboard)/clinic/revenue/page.tsx(220,92): error TS1382: Unexpected token. Did you mean `{'>'}` or `&gt;`?
app/[locale]/(dashboard)/clinic/revenue/page.tsx(221,36): error TS1127: Invalid character.
app/[locale]/(dashboard)/clinic/revenue/page.tsx(221,95): error TS1382: Unexpected token. Did you mean `{'>'}` or `&gt;`?
app/[locale]/(dashboard)/clinic/revenue/page.tsx(222,36): error TS1127: Invalid character.
app/[locale]/(dashboard)/clinic/revenue/page.tsx(222,94): error TS1382: Unexpected token. Did you mean `{'>'}` or `&gt;`?
app/[locale]/(dashboard)/clinic/revenue/page.tsx(223,23): error TS17002: Expected corresponding JSX closing tag for 'defs'.
app/[locale]/(dashboard)/clinic/revenue/page.tsx(224,19): error TS1128: Declaration or statement expected.
app/[locale]/(dashboard)/clinic/revenue/page.tsx(225,50): error TS1127: Invalid character.
app/[locale]/(dashboard)/clinic/revenue/page.tsx(225,51): error TS1003: Identifier expected.
app/[locale]/(dashboard)/clinic/revenue/page.tsx(225,111): error TS1002: Unterminated string literal.
app/[locale]/(dashboard)/clinic/revenue/page.tsx(227,29): error TS1127: Invalid character.
app/[locale]/(dashboard)/clinic/revenue/page.tsx(227,38): error TS1002: Unterminated string literal.
app/[locale]/(dashboard)/clinic/revenue/page.tsx(228,36): error TS1136: Property assignment expected.
app/[locale]/(dashboard)/clinic/revenue/page.tsx(228,42): error TS1005: ';' expected.
app/[locale]/(dashboard)/clinic/revenue/page.tsx(228,124): error TS1128: Declaration or statement expected.
app/[locale]/(dashboard)/clinic/revenue/page.tsx(229,36): error TS1005: ':' expected.
app/[locale]/(dashboard)/clinic/revenue/page.tsx(230,36): error TS1005: ':' expected.
app/[locale]/(dashboard)/clinic/revenue/page.tsx(231,27): error TS1136: Property assignment expected.
app/[locale]/(dashboard)/clinic/revenue/page.tsx(231,75): error TS1005: ';' expected.
app/[locale]/(dashboard)/clinic/revenue/page.tsx(231,91): error TS1005: ';' expected.
app/[locale]/(dashboard)/clinic/revenue/page.tsx(231,101): error TS1128: Declaration or statement expected.
app/[locale]/(dashboard)/clinic/revenue/page.tsx(232,19): error TS1161: Unterminated regular expression literal.
app/[locale]/(dashboard)/clinic/revenue/page.tsx(234,36): error TS1005: ':' expected.
app/[locale]/(dashboard)/clinic/revenue/page.tsx(235,36): error TS1005: ':' expected.
app/[locale]/(dashboard)/clinic/revenue/page.tsx(236,27): error TS1136: Property assignment expected.
app/[locale]/(dashboard)/clinic/revenue/page.tsx(236,75): error TS1005: ';' expected.
app/[locale]/(dashboard)/clinic/revenue/page.tsx(236,91): error TS1005: ';' expected.
app/[locale]/(dashboard)/clinic/revenue/page.tsx(236,101): error TS1128: Declaration or statement expected.
app/[locale]/(dashboard)/clinic/revenue/page.tsx(237,36): error TS1136: Property assignment expected.
app/[locale]/(dashboard)/clinic/revenue/page.tsx(237,42): error TS1005: ';' expected.
app/[locale]/(dashboard)/clinic/revenue/page.tsx(237,45): error TS1127: Invalid character.
app/[locale]/(dashboard)/clinic/revenue/page.tsx(237,46): error TS1128: Declaration or statement expected.
app/[locale]/(dashboard)/clinic/treatments/page.tsx(88,31): error TS1127: Invalid character.
app/[locale]/(dashboard)/clinic/treatments/page.tsx(88,48): error TS1127: Invalid character.
app/[locale]/(dashboard)/clinic/treatments/page.tsx(88,49): error TS1127: Invalid character.
app/[locale]/(dashboard)/clinic/treatments/page.tsx(88,50): error TS1135: Argument expression expected.
app/[locale]/(dashboard)/customer/page.tsx(116,22): error TS1127: Invalid character.
app/[locale]/(dashboard)/customer/page.tsx(116,23): error TS1003: Identifier expected.
app/[locale]/(dashboard)/customer/page.tsx(116,92): error TS1002: Unterminated string literal.
app/[locale]/(dashboard)/customer/page.tsx(117,21): error TS1005: ';' expected.
app/[locale]/(dashboard)/customer/page.tsx(117,31): error TS1127: Invalid character.
app/[locale]/(dashboard)/customer/page.tsx(117,73): error TS1002: Unterminated string literal.
app/[locale]/(dashboard)/customer/page.tsx(118,12): error TS1005: ';' expected.
app/[locale]/(dashboard)/customer/page.tsx(118,22): error TS1127: Invalid character.
app/[locale]/(dashboard)/customer/page.tsx(118,108): error TS1002: Unterminated string literal.
app/[locale]/(dashboard)/customer/page.tsx(119,11): error TS1434: Unexpected keyword or identifier.
app/[locale]/(dashboard)/customer/page.tsx(119,19): error TS1434: Unexpected keyword or identifier.
app/[locale]/(dashboard)/customer/page.tsx(119,24): error TS1434: Unexpected keyword or identifier.
app/[locale]/(dashboard)/customer/page.tsx(119,34): error TS1434: Unexpected keyword or identifier.
app/[locale]/(dashboard)/customer/page.tsx(119,41): error TS1128: Declaration or statement expected.
app/[locale]/(dashboard)/customer/page.tsx(120,9): error TS1128: Declaration or statement expected.
app/[locale]/(dashboard)/customer/page.tsx(121,7): error TS1109: Expression expected.
app/[locale]/(dashboard)/customer/page.tsx(122,5): error TS1109: Expression expected.
app/[locale]/(dashboard)/customer/page.tsx(140,17): error TS1127: Invalid character.
app/[locale]/(dashboard)/customer/page.tsx(140,18): error TS1003: Identifier expected.
app/[locale]/(dashboard)/customer/page.tsx(140,46): error TS1002: Unterminated string literal.
app/[locale]/(dashboard)/customer/page.tsx(145,22): error TS1127: Invalid character.
app/[locale]/(dashboard)/customer/page.tsx(145,23): error TS1003: Identifier expected.
app/[locale]/(dashboard)/customer/page.tsx(145,95): error TS1002: Unterminated string literal.
app/[locale]/(dashboard)/customer/page.tsx(146,14): error TS1005: ';' expected.
app/[locale]/(dashboard)/customer/page.tsx(146,24): error TS1127: Invalid character.
app/[locale]/(dashboard)/customer/page.tsx(146,38): error TS1002: Unterminated string literal.
app/[locale]/(dashboard)/customer/page.tsx(148,22): error TS1136: Property assignment expected.
app/[locale]/(dashboard)/customer/page.tsx(148,37): error TS1005: ';' expected.
app/[locale]/(dashboard)/customer/page.tsx(149,22): error TS1136: Property assignment expected.
app/[locale]/(dashboard)/customer/page.tsx(149,37): error TS1005: ';' expected.
app/[locale]/(dashboard)/customer/page.tsx(149,42): error TS1128: Declaration or statement expected.
app/[locale]/(dashboard)/customer/page.tsx(150,23): error TS1127: Invalid character.
app/[locale]/(dashboard)/customer/page.tsx(150,113): error TS1002: Unterminated string literal.
app/[locale]/(dashboard)/customer/page.tsx(152,29): error TS1127: Invalid character.
app/[locale]/(dashboard)/customer/page.tsx(152,30): error TS1003: Identifier expected.
app/[locale]/(dashboard)/customer/page.tsx(152,65): error TS1002: Unterminated string literal.
app/[locale]/(dashboard)/customer/page.tsx(153,13): error TS1434: Unexpected keyword or identifier.
app/[locale]/(dashboard)/customer/page.tsx(153,19): error TS1434: Unexpected keyword or identifier.
app/[locale]/(dashboard)/customer/page.tsx(153,24): error TS1434: Unexpected keyword or identifier.
app/[locale]/(dashboard)/customer/page.tsx(154,11): error TS1128: Declaration or statement expected.
app/[locale]/(dashboard)/customer/page.tsx(159,23): error TS1127: Invalid character.
app/[locale]/(dashboard)/customer/page.tsx(159,24): error TS1003: Identifier expected.
app/[locale]/(dashboard)/customer/page.tsx(159,99): error TS1002: Unterminated string literal.
app/[locale]/(dashboard)/customer/page.tsx(161,38): error TS1127: Invalid character.
app/[locale]/(dashboard)/customer/page.tsx(161,39): error TS1003: Identifier expected.
app/[locale]/(dashboard)/customer/page.tsx(161,94): error TS1002: Unterminated string literal.
app/[locale]/(dashboard)/customer/page.tsx(162,11): error TS1128: Declaration or statement expected.
app/[locale]/(dashboard)/customer/page.tsx(167,23): error TS1127: Invalid character.
app/[locale]/(dashboard)/customer/page.tsx(167,24): error TS1003: Identifier expected.
app/[locale]/(dashboard)/customer/page.tsx(167,74): error TS1002: Unterminated string literal.
app/[locale]/(dashboard)/customer/page.tsx(169,27): error TS1005: ';' expected.
app/[locale]/(dashboard)/customer/page.tsx(169,32): error TS1434: Unexpected keyword or identifier.
app/[locale]/(dashboard)/customer/page.tsx(169,45): error TS1434: Unexpected keyword or identifier.
app/[locale]/(dashboard)/customer/page.tsx(169,54): error TS1434: Unexpected keyword or identifier.
app/[locale]/(dashboard)/customer/page.tsx(169,59): error TS1434: Unexpected keyword or identifier.
app/[locale]/(dashboard)/customer/page.tsx(169,62): error TS1434: Unexpected keyword or identifier.
app/[locale]/(dashboard)/customer/page.tsx(170,11): error TS1003: Identifier expected.
app/[locale]/(dashboard)/customer/page.tsx(171,9): error TS1109: Expression expected.
app/[locale]/(dashboard)/customer/page.tsx(177,21): error TS1127: Invalid character.
app/[locale]/(dashboard)/customer/page.tsx(177,22): error TS1003: Identifier expected.
app/[locale]/(dashboard)/customer/page.tsx(177,45): error TS1002: Unterminated string literal.
app/[locale]/(dashboard)/customer/page.tsx(179,22): error TS1127: Invalid character.
app/[locale]/(dashboard)/customer/page.tsx(179,23): error TS1003: Identifier expected.
app/[locale]/(dashboard)/customer/page.tsx(179,44): error TS1002: Unterminated string literal.
app/[locale]/(dashboard)/customer/page.tsx(180,21): error TS1005: ';' expected.
app/[locale]/(dashboard)/customer/page.tsx(180,31): error TS1127: Invalid character.
app/[locale]/(dashboard)/customer/page.tsx(180,123): error TS1002: Unterminated string literal.
app/[locale]/(dashboard)/customer/page.tsx(181,29): error TS1005: ';' expected.
app/[locale]/(dashboard)/customer/page.tsx(181,36): error TS1127: Invalid character.
app/[locale]/(dashboard)/customer/page.tsx(181,69): error TS1002: Unterminated string literal.
app/[locale]/(dashboard)/customer/page.tsx(182,15): error TS1434: Unexpected keyword or identifier.
app/[locale]/(dashboard)/customer/page.tsx(183,13): error TS1128: Declaration or statement expected.
app/[locale]/(dashboard)/customer/page.tsx(184,11): error TS1109: Expression expected.
app/[locale]/(dashboard)/customer/page.tsx(186,21): error TS1127: Invalid character.
app/[locale]/(dashboard)/customer/page.tsx(186,22): error TS1003: Identifier expected.
app/[locale]/(dashboard)/customer/page.tsx(186,32): error TS1002: Unterminated string literal.
app/[locale]/(dashboard)/customer/page.tsx(187,22): error TS1136: Property assignment expected.
app/[locale]/(dashboard)/customer/page.tsx(187,25): error TS1005: ';' expected.
app/[locale]/(dashboard)/customer/page.tsx(187,47): error TS1128: Declaration or statement expected.
app/[locale]/(dashboard)/customer/page.tsx(188,23): error TS1127: Invalid character.
app/[locale]/(dashboard)/customer/page.tsx(188,141): error TS1002: Unterminated string literal.
app/[locale]/(dashboard)/customer/page.tsx(190,32): error TS1127: Invalid character.
app/[locale]/(dashboard)/customer/page.tsx(190,33): error TS1003: Identifier expected.
app/[locale]/(dashboard)/customer/page.tsx(190,124): error TS1002: Unterminated string literal.
app/[locale]/(dashboard)/customer/page.tsx(191,13): error TS1434: Unexpected keyword or identifier.
app/[locale]/(dashboard)/customer/page.tsx(192,11): error TS1128: Declaration or statement expected.
app/[locale]/(dashboard)/customer/page.tsx(193,9): error TS1109: Expression expected.
app/[locale]/(dashboard)/customer/page.tsx(194,7): error TS1109: Expression expected.
app/[locale]/(dashboard)/customer/page.tsx(197,12): error TS1005: ';' expected.
app/[locale]/(dashboard)/customer/page.tsx(197,22): error TS1127: Invalid character.
app/[locale]/(dashboard)/customer/page.tsx(197,70): error TS1002: Unterminated string literal.
app/[locale]/(dashboard)/customer/page.tsx(199,24): error TS1127: Invalid character.
app/[locale]/(dashboard)/customer/page.tsx(199,25): error TS1003: Identifier expected.
app/[locale]/(dashboard)/customer/page.tsx(199,53): error TS1002: Unterminated string literal.
app/[locale]/(dashboard)/customer/page.tsx(201,26): error TS1127: Invalid character.
app/[locale]/(dashboard)/customer/page.tsx(201,27): error TS1003: Identifier expected.
app/[locale]/(dashboard)/customer/page.tsx(201,68): error TS1002: Unterminated string literal.
app/[locale]/(dashboard)/customer/page.tsx(203,21): error TS1127: Invalid character.
app/[locale]/(dashboard)/customer/page.tsx(203,42): error TS1002: Unterminated string literal.
app/[locale]/(dashboard)/customer/page.tsx(204,30): error TS1005: ',' expected.
app/[locale]/(dashboard)/customer/page.tsx(205,22): error TS1127: Invalid character.
app/[locale]/(dashboard)/customer/page.tsx(205,30): error TS1002: Unterminated string literal.
app/[locale]/(dashboard)/customer/page.tsx(206,31): error TS1005: ',' expected.
app/[locale]/(dashboard)/customer/page.tsx(206,34): error TS1005: ',' expected.
app/[locale]/(dashboard)/customer/page.tsx(207,21): error TS1127: Invalid character.
app/[locale]/(dashboard)/customer/page.tsx(207,27): error TS1002: Unterminated string literal.
app/[locale]/(dashboard)/customer/page.tsx(208,24): error TS1005: ':' expected.
app/[locale]/(dashboard)/customer/page.tsx(209,25): error TS1127: Invalid character.
app/[locale]/(dashboard)/customer/page.tsx(209,32): error TS1002: Unterminated string literal.
app/[locale]/(dashboard)/customer/page.tsx(210,14): error TS1109: Expression expected.
app/[locale]/(dashboard)/customer/page.tsx(212,21): error TS1127: Invalid character.
app/[locale]/(dashboard)/customer/page.tsx(212,22): error TS1003: Identifier expected.
app/[locale]/(dashboard)/customer/page.tsx(212,41): error TS1002: Unterminated string literal.
app/[locale]/(dashboard)/customer/page.tsx(213,30): error TS1005: ',' expected.
app/[locale]/(dashboard)/customer/page.tsx(214,31): error TS1005: ',' expected.
app/[locale]/(dashboard)/customer/page.tsx(214,34): error TS1005: ',' expected.
app/[locale]/(dashboard)/customer/page.tsx(215,21): error TS1127: Invalid character.
app/[locale]/(dashboard)/customer/page.tsx(215,32): error TS1002: Unterminated string literal.
app/[locale]/(dashboard)/customer/page.tsx(216,25): error TS1127: Invalid character.
app/[locale]/(dashboard)/customer/page.tsx(216,32): error TS1002: Unterminated string literal.
app/[locale]/(dashboard)/customer/page.tsx(217,14): error TS1109: Expression expected.
app/[locale]/(dashboard)/customer/page.tsx(219,21): error TS1127: Invalid character.
app/[locale]/(dashboard)/customer/page.tsx(219,22): error TS1003: Identifier expected.
app/[locale]/(dashboard)/customer/page.tsx(219,38): error TS1002: Unterminated string literal.
app/[locale]/(dashboard)/customer/page.tsx(220,30): error TS1005: ',' expected.
app/[locale]/(dashboard)/customer/page.tsx(221,31): error TS1005: ',' expected.
app/[locale]/(dashboard)/customer/page.tsx(221,50): error TS1127: Invalid character.
app/[locale]/(dashboard)/customer/page.tsx(221,65): error TS1002: Unterminated string literal.
app/[locale]/(dashboard)/customer/page.tsx(222,15): error TS1005: ':' expected.
app/[locale]/(dashboard)/customer/page.tsx(222,31): error TS1005: ',' expected.
app/[locale]/(dashboard)/customer/page.tsx(222,50): error TS1127: Invalid character.
app/[locale]/(dashboard)/customer/page.tsx(222,69): error TS1002: Unterminated string literal.
app/[locale]/(dashboard)/customer/page.tsx(223,15): error TS1005: ':' expected.
app/[locale]/(dashboard)/customer/page.tsx(223,34): error TS1005: ',' expected.
app/[locale]/(dashboard)/customer/page.tsx(223,37): error TS1005: ',' expected.
app/[locale]/(dashboard)/customer/page.tsx(224,15): error TS1005: ',' expected.
app/[locale]/(dashboard)/customer/page.tsx(224,29): error TS1127: Invalid character.
app/[locale]/(dashboard)/customer/page.tsx(224,30): error TS1003: Identifier expected.
app/[locale]/(dashboard)/customer/page.tsx(224,83): error TS1002: Unterminated string literal.
app/[locale]/(dashboard)/customer/page.tsx(225,13): error TS1138: Parameter declaration expected.
app/[locale]/(dashboard)/customer/page.tsx(225,14): error TS1109: Expression expected.
app/[locale]/(dashboard)/customer/page.tsx(226,11): error TS1109: Expression expected.
app/[locale]/(dashboard)/customer/page.tsx(226,16): error TS1005: ',' expected.
app/[locale]/(dashboard)/customer/page.tsx(229,11): error TS1005: ',' expected.
app/[locale]/(dashboard)/customer/page.tsx(230,13): error TS2657: JSX expressions must have one parent element.
app/[locale]/(dashboard)/customer/page.tsx(235,31): error TS1127: Invalid character.
app/[locale]/(dashboard)/customer/page.tsx(235,103): error TS1382: Unexpected token. Did you mean `{'>'}` or `&gt;`?
app/[locale]/(dashboard)/customer/page.tsx(236,39): error TS1127: Invalid character.
app/[locale]/(dashboard)/customer/page.tsx(236,88): error TS1382: Unexpected token. Did you mean `{'>'}` or `&gt;`?
app/[locale]/(dashboard)/customer/page.tsx(237,34): error TS1127: Invalid character.
app/[locale]/(dashboard)/customer/page.tsx(237,61): error TS1382: Unexpected token. Did you mean `{'>'}` or `&gt;`?
app/[locale]/(dashboard)/customer/page.tsx(238,36): error TS1127: Invalid character.
app/[locale]/(dashboard)/customer/page.tsx(238,159): error TS1382: Unexpected token. Did you mean `{'>'}` or `&gt;`?
app/[locale]/(dashboard)/customer/page.tsx(239,37): error TS1127: Invalid character.
app/[locale]/(dashboard)/customer/page.tsx(239,72): error TS1382: Unexpected token. Did you mean `{'>'}` or `&gt;`?
app/[locale]/(dashboard)/customer/page.tsx(240,23): error TS17002: Expected corresponding JSX closing tag for 'motion.div'.
app/[locale]/(dashboard)/customer/page.tsx(242,44): error TS1127: Invalid character.
app/[locale]/(dashboard)/customer/page.tsx(242,91): error TS1382: Unexpected token. Did you mean `{'>'}` or `&gt;`?
app/[locale]/(dashboard)/customer/page.tsx(242,116): error TS17002: Expected corresponding JSX closing tag for 'div'.
app/[locale]/(dashboard)/customer/page.tsx(243,36): error TS1127: Invalid character.
app/[locale]/(dashboard)/customer/page.tsx(243,37): error TS1003: Identifier expected.
app/[locale]/(dashboard)/customer/page.tsx(243,37): error TS1005: ')' expected.
app/[locale]/(dashboard)/customer/page.tsx(243,154): error TS1002: Unterminated string literal.
app/[locale]/(dashboard)/customer/page.tsx(244,21): error TS1128: Declaration or statement expected.
app/[locale]/(dashboard)/customer/page.tsx(245,19): error TS1109: Expression expected.
app/[locale]/(dashboard)/customer/page.tsx(246,17): error TS1109: Expression expected.
app/[locale]/(dashboard)/customer/page.tsx(247,40): error TS1127: Invalid character.
app/[locale]/(dashboard)/customer/page.tsx(247,41): error TS1003: Identifier expected.
app/[locale]/(dashboard)/customer/page.tsx(247,48): error TS1002: Unterminated string literal.
app/[locale]/(dashboard)/customer/page.tsx(248,37): error TS1005: ';' expected.
app/[locale]/(dashboard)/customer/page.tsx(248,66): error TS1109: Expression expected.
app/[locale]/(dashboard)/customer/page.tsx(249,17): error TS1109: Expression expected.
app/[locale]/(dashboard)/customer/page.tsx(250,15): error TS1109: Expression expected.
app/[locale]/(dashboard)/customer/page.tsx(251,13): error TS1109: Expression expected.
app/[locale]/(dashboard)/customer/page.tsx(252,11): error TS1109: Expression expected.
app/[locale]/(dashboard)/customer/page.tsx(255,11): error TS2657: JSX expressions must have one parent element.
app/[locale]/(dashboard)/customer/page.tsx(260,29): error TS1127: Invalid character.
app/[locale]/(dashboard)/customer/page.tsx(260,110): error TS1382: Unexpected token. Did you mean `{'>'}` or `&gt;`?
app/[locale]/(dashboard)/customer/page.tsx(261,30): error TS1127: Invalid character.
app/[locale]/(dashboard)/customer/page.tsx(261,152): error TS1382: Unexpected token. Did you mean `{'>'}` or `&gt;`?
app/[locale]/(dashboard)/customer/page.tsx(262,36): error TS1127: Invalid character.
app/[locale]/(dashboard)/customer/page.tsx(262,64): error TS1382: Unexpected token. Did you mean `{'>'}` or `&gt;`?
app/[locale]/(dashboard)/customer/page.tsx(263,17): error TS17002: Expected corresponding JSX closing tag for 'motion.div'.
app/[locale]/(dashboard)/customer/page.tsx(265,37): error TS1127: Invalid character.
app/[locale]/(dashboard)/customer/page.tsx(265,38): error TS1003: Identifier expected.
app/[locale]/(dashboard)/customer/page.tsx(265,38): error TS1005: ';' expected.
app/[locale]/(dashboard)/customer/page.tsx(265,130): error TS1002: Unterminated string literal.
app/[locale]/(dashboard)/customer/page.tsx(266,22): error TS1005: ';' expected.
app/[locale]/(dashboard)/customer/page.tsx(266,32): error TS1127: Invalid character.
app/[locale]/(dashboard)/customer/page.tsx(266,60): error TS1002: Unterminated string literal.
app/[locale]/(dashboard)/customer/page.tsx(267,24): error TS1005: ';' expected.
app/[locale]/(dashboard)/customer/page.tsx(267,34): error TS1127: Invalid character.
app/[locale]/(dashboard)/customer/page.tsx(267,158): error TS1002: Unterminated string literal.
app/[locale]/(dashboard)/customer/page.tsx(268,30): error TS1005: ';' expected.
app/[locale]/(dashboard)/customer/page.tsx(268,37): error TS1127: Invalid character.
app/[locale]/(dashboard)/customer/page.tsx(268,73): error TS1002: Unterminated string literal.
app/[locale]/(dashboard)/customer/page.tsx(269,19): error TS1128: Declaration or statement expected.
app/[locale]/(dashboard)/customer/page.tsx(270,19): error TS2657: JSX expressions must have one parent element.
app/[locale]/(dashboard)/customer/page.tsx(271,42): error TS1127: Invalid character.
app/[locale]/(dashboard)/customer/page.tsx(271,89): error TS1382: Unexpected token. Did you mean `{'>'}` or `&gt;`?
app/[locale]/(dashboard)/customer/page.tsx(271,114): error TS17002: Expected corresponding JSX closing tag for 'div'.
app/[locale]/(dashboard)/customer/page.tsx(272,34): error TS1127: Invalid character.
app/[locale]/(dashboard)/customer/page.tsx(272,35): error TS1003: Identifier expected.
app/[locale]/(dashboard)/customer/page.tsx(272,35): error TS1005: ';' expected.
app/[locale]/(dashboard)/customer/page.tsx(272,149): error TS1002: Unterminated string literal.
app/[locale]/(dashboard)/customer/page.tsx(273,19): error TS1128: Declaration or statement expected.
app/[locale]/(dashboard)/customer/page.tsx(274,17): error TS1109: Expression expected.
app/[locale]/(dashboard)/customer/page.tsx(275,28): error TS1127: Invalid character.
app/[locale]/(dashboard)/customer/page.tsx(275,29): error TS1003: Identifier expected.
app/[locale]/(dashboard)/customer/page.tsx(275,55): error TS1002: Unterminated string literal.
app/[locale]/(dashboard)/customer/page.tsx(276,27): error TS1005: ';' expected.
app/[locale]/(dashboard)/customer/page.tsx(276,35): error TS1127: Invalid character.
app/[locale]/(dashboard)/customer/page.tsx(276,167): error TS1002: Unterminated string literal.
app/[locale]/(dashboard)/customer/page.tsx(277,21): error TS1435: Unknown keyword or identifier. Did you mean 'accessor'?
app/[locale]/(dashboard)/customer/page.tsx(277,48): error TS1005: ';' expected.
app/[locale]/(dashboard)/customer/page.tsx(277,55): error TS1127: Invalid character.
app/[locale]/(dashboard)/customer/page.tsx(277,92): error TS1002: Unterminated string literal.
app/[locale]/(dashboard)/customer/page.tsx(278,19): error TS1128: Declaration or statement expected.
app/[locale]/(dashboard)/customer/page.tsx(279,17): error TS1109: Expression expected.
app/[locale]/(dashboard)/customer/page.tsx(280,15): error TS1109: Expression expected.
app/[locale]/(dashboard)/customer/page.tsx(282,38): error TS1127: Invalid character.
app/[locale]/(dashboard)/customer/page.tsx(282,39): error TS1003: Identifier expected.
app/[locale]/(dashboard)/customer/page.tsx(282,61): error TS1002: Unterminated string literal.
app/[locale]/(dashboard)/customer/page.tsx(283,22): error TS1005: ';' expected.
app/[locale]/(dashboard)/customer/page.tsx(283,32): error TS1127: Invalid character.
app/[locale]/(dashboard)/customer/page.tsx(283,74): error TS1002: Unterminated string literal.
app/[locale]/(dashboard)/customer/page.tsx(295,33): error TS1127: Invalid character.
app/[locale]/(dashboard)/customer/page.tsx(295,34): error TS1003: Identifier expected.
app/[locale]/(dashboard)/customer/page.tsx(295,46): error TS1002: Unterminated string literal.
app/[locale]/(dashboard)/customer/page.tsx(297,38): error TS1127: Invalid character.
app/[locale]/(dashboard)/customer/page.tsx(297,39): error TS1003: Identifier expected.
app/[locale]/(dashboard)/customer/page.tsx(297,52): error TS1002: Unterminated string literal.
app/[locale]/(dashboard)/customer/page.tsx(298,28): error TS1005: ',' expected.
app/[locale]/(dashboard)/customer/page.tsx(298,38): error TS1127: Invalid character.
app/[locale]/(dashboard)/customer/page.tsx(298,134): error TS1002: Unterminated string literal.
app/[locale]/(dashboard)/customer/page.tsx(299,28): error TS1005: ',' expected.
app/[locale]/(dashboard)/customer/page.tsx(299,38): error TS1127: Invalid character.
app/[locale]/(dashboard)/customer/page.tsx(299,117): error TS1002: Unterminated string literal.
app/[locale]/(dashboard)/customer/page.tsx(300,23): error TS1005: ',' expected.
app/[locale]/(dashboard)/customer/page.tsx(301,38): error TS1127: Invalid character.
app/[locale]/(dashboard)/customer/page.tsx(301,39): error TS1003: Identifier expected.
app/[locale]/(dashboard)/customer/page.tsx(301,138): error TS1002: Unterminated string literal.
app/[locale]/(dashboard)/customer/page.tsx(303,27): error TS1005: ',' expected.
app/[locale]/(dashboard)/customer/page.tsx(303,36): error TS1136: Property assignment expected.
app/[locale]/(dashboard)/customer/page.tsx(303,48): error TS1005: ',' expected.
app/[locale]/(dashboard)/customer/page.tsx(304,36): error TS1136: Property assignment expected.
app/[locale]/(dashboard)/customer/page.tsx(304,45): error TS1434: Unexpected keyword or identifier.
app/[locale]/(dashboard)/customer/page.tsx(304,63): error TS1109: Expression expected.
app/[locale]/(dashboard)/customer/page.tsx(304,65): error TS1109: Expression expected.
app/[locale]/(dashboard)/customer/page.tsx(304,66): error TS1128: Declaration or statement expected.
app/[locale]/(dashboard)/customer/page.tsx(305,39): error TS1136: Property assignment expected.
app/[locale]/(dashboard)/customer/page.tsx(305,60): error TS1005: ';' expected.
app/[locale]/(dashboard)/customer/page.tsx(305,62): error TS1127: Invalid character.
app/[locale]/(dashboard)/customer/page.tsx(305,98): error TS1002: Unterminated string literal.
app/[locale]/(dashboard)/customer/page.tsx(306,41): error TS1127: Invalid character.
app/[locale]/(dashboard)/customer/page.tsx(306,42): error TS1003: Identifier expected.
app/[locale]/(dashboard)/customer/page.tsx(306,94): error TS1002: Unterminated string literal.
app/[locale]/(dashboard)/customer/page.tsx(307,25): error TS1138: Parameter declaration expected.
app/[locale]/(dashboard)/customer/page.tsx(307,26): error TS1109: Expression expected.
app/[locale]/(dashboard)/customer/page.tsx(308,23): error TS1109: Expression expected.
app/[locale]/(dashboard)/customer/page.tsx(309,21): error TS1109: Expression expected.
app/[locale]/(dashboard)/customer/page.tsx(310,19): error TS1109: Expression expected.
app/[locale]/(dashboard)/customer/page.tsx(310,20): error TS1128: Declaration or statement expected.
app/[locale]/(dashboard)/customer/page.tsx(311,17): error TS1128: Declaration or statement expected.
app/[locale]/(dashboard)/customer/page.tsx(312,15): error TS1109: Expression expected.
app/[locale]/(dashboard)/customer/page.tsx(313,13): error TS1109: Expression expected.
app/[locale]/(dashboard)/customer/page.tsx(314,11): error TS1109: Expression expected.
app/[locale]/(dashboard)/customer/page.tsx(315,9): error TS1109: Expression expected.
app/[locale]/(dashboard)/customer/page.tsx(318,14): error TS1005: ';' expected.
app/[locale]/(dashboard)/customer/page.tsx(318,24): error TS1127: Invalid character.
app/[locale]/(dashboard)/customer/page.tsx(318,39): error TS1002: Unterminated string literal.
app/[locale]/(dashboard)/customer/page.tsx(326,31): error TS1127: Invalid character.
app/[locale]/(dashboard)/customer/page.tsx(326,88): error TS1382: Unexpected token. Did you mean `{'>'}` or `&gt;`?
app/[locale]/(dashboard)/customer/page.tsx(327,40): error TS1127: Invalid character.
app/[locale]/(dashboard)/customer/page.tsx(327,47): error TS1382: Unexpected token. Did you mean `{'>'}` or `&gt;`?
app/[locale]/(dashboard)/customer/page.tsx(329,19): error TS17002: Expected corresponding JSX closing tag for 'motion.div'.
app/[locale]/(dashboard)/customer/page.tsx(330,15): error TS1005: ')' expected.
app/[locale]/(dashboard)/customer/page.tsx(331,13): error TS1109: Expression expected.
app/[locale]/(dashboard)/customer/page.tsx(332,11): error TS1109: Expression expected.
app/[locale]/(dashboard)/customer/page.tsx(335,27): error TS1127: Invalid character.
app/[locale]/(dashboard)/customer/page.tsx(335,28): error TS1003: Identifier expected.
app/[locale]/(dashboard)/customer/page.tsx(335,101): error TS1002: Unterminated string literal.
app/[locale]/(dashboard)/customer/page.tsx(336,18): error TS1005: ';' expected.
app/[locale]/(dashboard)/customer/page.tsx(336,28): error TS1127: Invalid character.
app/[locale]/(dashboard)/customer/page.tsx(336,166): error TS1002: Unterminated string literal.
app/[locale]/(dashboard)/customer/page.tsx(338,25): error TS1005: ';' expected.
app/[locale]/(dashboard)/customer/page.tsx(338,35): error TS1127: Invalid character.
app/[locale]/(dashboard)/customer/page.tsx(338,82): error TS1002: Unterminated string literal.
app/[locale]/(dashboard)/customer/page.tsx(339,26): error TS1005: ';' expected.
app/[locale]/(dashboard)/customer/page.tsx(339,36): error TS1127: Invalid character.
app/[locale]/(dashboard)/customer/page.tsx(339,123): error TS1002: Unterminated string literal.
app/[locale]/(dashboard)/customer/page.tsx(340,26): error TS1005: ';' expected.
app/[locale]/(dashboard)/customer/page.tsx(340,33): error TS1127: Invalid character.
app/[locale]/(dashboard)/customer/page.tsx(340,69): error TS1002: Unterminated string literal.
app/[locale]/(dashboard)/customer/page.tsx(341,17): error TS1434: Unexpected keyword or identifier.
app/[locale]/(dashboard)/customer/page.tsx(342,15): error TS1128: Declaration or statement expected.
app/[locale]/(dashboard)/customer/page.tsx(343,13): error TS1109: Expression expected.
app/[locale]/(dashboard)/customer/page.tsx(345,36): error TS1127: Invalid character.
app/[locale]/(dashboard)/customer/page.tsx(345,37): error TS1003: Identifier expected.
app/[locale]/(dashboard)/customer/page.tsx(345,68): error TS1002: Unterminated string literal.
app/[locale]/(dashboard)/customer/page.tsx(353,29): error TS1127: Invalid character.
app/[locale]/(dashboard)/customer/page.tsx(353,30): error TS1003: Identifier expected.
app/[locale]/(dashboard)/customer/page.tsx(353,196): error TS1002: Unterminated string literal.
app/[locale]/(dashboard)/customer/page.tsx(355,34): error TS1127: Invalid character.
app/[locale]/(dashboard)/customer/page.tsx(355,35): error TS1003: Identifier expected.
app/[locale]/(dashboard)/customer/page.tsx(355,71): error TS1002: Unterminated string literal.
app/[locale]/(dashboard)/customer/page.tsx(356,26): error TS1005: ',' expected.
app/[locale]/(dashboard)/customer/page.tsx(356,36): error TS1127: Invalid character.
app/[locale]/(dashboard)/customer/page.tsx(356,50): error TS1002: Unterminated string literal.
app/[locale]/(dashboard)/customer/page.tsx(357,26): error TS1005: ',' expected.
app/[locale]/(dashboard)/customer/page.tsx(357,36): error TS1127: Invalid character.
app/[locale]/(dashboard)/customer/page.tsx(357,126): error TS1002: Unterminated string literal.
app/[locale]/(dashboard)/customer/page.tsx(358,27): error TS1005: ',' expected.
app/[locale]/(dashboard)/customer/page.tsx(358,37): error TS1127: Invalid character.
app/[locale]/(dashboard)/customer/page.tsx(358,167): error TS1002: Unterminated string literal.
app/[locale]/(dashboard)/customer/page.tsx(359,21): error TS1005: ',' expected.
app/[locale]/(dashboard)/customer/page.tsx(360,36): error TS1127: Invalid character.
app/[locale]/(dashboard)/customer/page.tsx(360,37): error TS1003: Identifier expected.
app/[locale]/(dashboard)/customer/page.tsx(360,129): error TS1002: Unterminated string literal.
app/[locale]/(dashboard)/customer/page.tsx(361,23): error TS1005: ',' expected.
app/[locale]/(dashboard)/customer/page.tsx(361,29): error TS1005: ',' expected.
app/[locale]/(dashboard)/customer/page.tsx(362,21): error TS1005: ',' expected.
app/[locale]/(dashboard)/customer/page.tsx(363,19): error TS1109: Expression expected.
app/[locale]/(dashboard)/customer/page.tsx(364,35): error TS1127: Invalid character.
app/[locale]/(dashboard)/customer/page.tsx(364,36): error TS1003: Identifier expected.
app/[locale]/(dashboard)/customer/page.tsx(364,231): error TS1002: Unterminated string literal.
app/[locale]/(dashboard)/customer/page.tsx(365,21): error TS1005: ',' expected.
app/[locale]/(dashboard)/customer/page.tsx(365,26): error TS1005: ',' expected.
app/[locale]/(dashboard)/customer/page.tsx(365,35): error TS1005: ',' expected.
app/[locale]/(dashboard)/customer/page.tsx(365,55): error TS1005: ',' expected.
app/[locale]/(dashboard)/customer/page.tsx(365,62): error TS1127: Invalid character.
app/[locale]/(dashboard)/customer/page.tsx(365,95): error TS1002: Unterminated string literal.
app/[locale]/(dashboard)/customer/page.tsx(366,19): error TS1005: ',' expected.
app/[locale]/(dashboard)/customer/page.tsx(367,17): error TS1109: Expression expected.
app/[locale]/(dashboard)/customer/page.tsx(368,15): error TS1109: Expression expected.
app/[locale]/(dashboard)/customer/page.tsx(368,16): error TS1005: ';' expected.
app/[locale]/(dashboard)/customer/page.tsx(370,31): error TS1127: Invalid character.
app/[locale]/(dashboard)/customer/page.tsx(370,32): error TS1003: Identifier expected.
app/[locale]/(dashboard)/customer/page.tsx(370,213): error TS1002: Unterminated string literal.
app/[locale]/(dashboard)/customer/page.tsx(371,17): error TS1434: Unexpected keyword or identifier.
app/[locale]/(dashboard)/customer/page.tsx(371,25): error TS1434: Unexpected keyword or identifier.
app/[locale]/(dashboard)/customer/page.tsx(372,15): error TS1128: Declaration or statement expected.
app/[locale]/(dashboard)/customer/page.tsx(373,13): error TS1109: Expression expected.
app/[locale]/(dashboard)/customer/page.tsx(374,11): error TS1109: Expression expected.
app/[locale]/(dashboard)/customer/page.tsx(377,17): error TS1005: ';' expected.
app/[locale]/(dashboard)/customer/page.tsx(377,27): error TS1127: Invalid character.
app/[locale]/(dashboard)/customer/page.tsx(377,164): error TS1002: Unterminated string literal.
app/[locale]/(dashboard)/customer/page.tsx(378,18): error TS1005: ';' expected.
app/[locale]/(dashboard)/customer/page.tsx(378,28): error TS1127: Invalid character.
app/[locale]/(dashboard)/customer/page.tsx(378,163): error TS1002: Unterminated string literal.
app/[locale]/(dashboard)/customer/page.tsx(380,25): error TS1005: ';' expected.
app/[locale]/(dashboard)/customer/page.tsx(380,35): error TS1127: Invalid character.
app/[locale]/(dashboard)/customer/page.tsx(380,70): error TS1002: Unterminated string literal.
app/[locale]/(dashboard)/customer/page.tsx(381,20): error TS1005: ';' expected.
app/[locale]/(dashboard)/customer/page.tsx(381,30): error TS1127: Invalid character.
app/[locale]/(dashboard)/customer/page.tsx(381,82): error TS1002: Unterminated string literal.
app/[locale]/(dashboard)/customer/page.tsx(382,28): error TS1005: ';' expected.
app/[locale]/(dashboard)/customer/page.tsx(382,38): error TS1127: Invalid character.
app/[locale]/(dashboard)/customer/page.tsx(382,125): error TS1002: Unterminated string literal.
app/[locale]/(dashboard)/customer/page.tsx(383,26): error TS1005: ';' expected.
app/[locale]/(dashboard)/customer/page.tsx(383,33): error TS1127: Invalid character.
app/[locale]/(dashboard)/customer/page.tsx(383,69): error TS1002: Unterminated string literal.
app/[locale]/(dashboard)/customer/page.tsx(384,19): error TS1434: Unexpected keyword or identifier.
app/[locale]/(dashboard)/customer/page.tsx(384,25): error TS1434: Unexpected keyword or identifier.
app/[locale]/(dashboard)/customer/page.tsx(385,17): error TS1128: Declaration or statement expected.
app/[locale]/(dashboard)/customer/page.tsx(386,32): error TS1127: Invalid character.
app/[locale]/(dashboard)/customer/page.tsx(386,33): error TS1003: Identifier expected.
app/[locale]/(dashboard)/customer/page.tsx(386,170): error TS1002: Unterminated string literal.
app/[locale]/(dashboard)/customer/page.tsx(387,15): error TS1128: Declaration or statement expected.
app/[locale]/(dashboard)/customer/page.tsx(388,13): error TS1109: Expression expected.
app/[locale]/(dashboard)/customer/page.tsx(390,36): error TS1127: Invalid character.
app/[locale]/(dashboard)/customer/page.tsx(390,37): error TS1003: Identifier expected.
app/[locale]/(dashboard)/customer/page.tsx(390,68): error TS1002: Unterminated string literal.
app/[locale]/(dashboard)/customer/page.tsx(391,20): error TS1005: ';' expected.
app/[locale]/(dashboard)/customer/page.tsx(391,30): error TS1127: Invalid character.
app/[locale]/(dashboard)/customer/page.tsx(391,44): error TS1002: Unterminated string literal.
app/[locale]/(dashboard)/customer/page.tsx(392,22): error TS1005: ';' expected.
app/[locale]/(dashboard)/customer/page.tsx(392,32): error TS1127: Invalid character.
app/[locale]/(dashboard)/customer/page.tsx(392,62): error TS1002: Unterminated string literal.
app/[locale]/(dashboard)/customer/page.tsx(393,25): error TS1005: ';' expected.
app/[locale]/(dashboard)/customer/page.tsx(393,35): error TS1127: Invalid character.
app/[locale]/(dashboard)/customer/page.tsx(393,144): error TS1002: Unterminated string literal.
app/[locale]/(dashboard)/customer/page.tsx(394,25): error TS1005: ';' expected.
app/[locale]/(dashboard)/customer/page.tsx(394,35): error TS1127: Invalid character.
app/[locale]/(dashboard)/customer/page.tsx(394,123): error TS1002: Unterminated string literal.
app/[locale]/(dashboard)/customer/page.tsx(395,17): error TS1128: Declaration or statement expected.
app/[locale]/(dashboard)/customer/page.tsx(396,32): error TS1127: Invalid character.
app/[locale]/(dashboard)/customer/page.tsx(396,33): error TS1003: Identifier expected.
app/[locale]/(dashboard)/customer/page.tsx(396,46): error TS1002: Unterminated string literal.
app/[locale]/(dashboard)/customer/page.tsx(397,24): error TS1005: ';' expected.
app/[locale]/(dashboard)/customer/page.tsx(397,34): error TS1127: Invalid character.
app/[locale]/(dashboard)/customer/page.tsx(397,134): error TS1002: Unterminated string literal.
app/[locale]/(dashboard)/customer/page.tsx(399,32): error TS1136: Property assignment expected.
app/[locale]/(dashboard)/customer/page.tsx(399,44): error TS1128: Declaration or statement expected.
app/[locale]/(dashboard)/customer/page.tsx(400,32): error TS1136: Property assignment expected.
app/[locale]/(dashboard)/customer/page.tsx(400,41): error TS1434: Unexpected keyword or identifier.
app/[locale]/(dashboard)/customer/page.tsx(400,87): error TS1109: Expression expected.
app/[locale]/(dashboard)/customer/page.tsx(400,89): error TS1109: Expression expected.
app/[locale]/(dashboard)/customer/page.tsx(400,90): error TS1128: Declaration or statement expected.
app/[locale]/(dashboard)/customer/page.tsx(401,35): error TS1136: Property assignment expected.
app/[locale]/(dashboard)/customer/page.tsx(401,54): error TS1005: ';' expected.
app/[locale]/(dashboard)/customer/page.tsx(401,56): error TS1127: Invalid character.
app/[locale]/(dashboard)/customer/page.tsx(401,80): error TS1002: Unterminated string literal.
app/[locale]/(dashboard)/customer/page.tsx(402,33): error TS1127: Invalid character.
app/[locale]/(dashboard)/customer/page.tsx(402,83): error TS1002: Unterminated string literal.
app/[locale]/(dashboard)/customer/page.tsx(403,22): error TS1109: Expression expected.
app/[locale]/(dashboard)/customer/page.tsx(404,19): error TS1109: Expression expected.
app/[locale]/(dashboard)/customer/page.tsx(405,34): error TS1127: Invalid character.
app/[locale]/(dashboard)/customer/page.tsx(405,35): error TS1003: Identifier expected.
app/[locale]/(dashboard)/customer/page.tsx(405,120): error TS1002: Unterminated string literal.
app/[locale]/(dashboard)/customer/page.tsx(406,27): error TS1005: ';' expected.
app/[locale]/(dashboard)/customer/page.tsx(406,37): error TS1127: Invalid character.
app/[locale]/(dashboard)/customer/page.tsx(406,83): error TS1002: Unterminated string literal.
app/[locale]/(dashboard)/customer/page.tsx(407,27): error TS1005: ';' expected.
app/[locale]/(dashboard)/customer/page.tsx(407,37): error TS1127: Invalid character.
app/[locale]/(dashboard)/customer/page.tsx(407,130): error TS1002: Unterminated string literal.
app/[locale]/(dashboard)/customer/page.tsx(408,19): error TS1128: Declaration or statement expected.
app/[locale]/(dashboard)/customer/page.tsx(409,17): error TS1109: Expression expected.
app/[locale]/(dashboard)/customer/page.tsx(410,15): error TS1109: Expression expected.
app/[locale]/(dashboard)/customer/page.tsx(412,26): error TS1127: Invalid character.
app/[locale]/(dashboard)/customer/page.tsx(412,27): error TS1003: Identifier expected.
app/[locale]/(dashboard)/customer/page.tsx(412,48): error TS1002: Unterminated string literal.
app/[locale]/(dashboard)/customer/page.tsx(413,25): error TS1005: ';' expected.
app/[locale]/(dashboard)/customer/page.tsx(413,35): error TS1127: Invalid character.
app/[locale]/(dashboard)/customer/page.tsx(413,141): error TS1002: Unterminated string literal.
app/[locale]/(dashboard)/customer/page.tsx(414,19): error TS1434: Unexpected keyword or identifier.
app/[locale]/(dashboard)/customer/page.tsx(414,28): error TS1434: Unexpected keyword or identifier.
app/[locale]/(dashboard)/customer/page.tsx(415,31): error TS1005: ';' expected.
app/[locale]/(dashboard)/customer/page.tsx(415,38): error TS1127: Invalid character.
app/[locale]/(dashboard)/customer/page.tsx(415,123): error TS1002: Unterminated string literal.
app/[locale]/(dashboard)/customer/page.tsx(416,17): error TS1128: Declaration or statement expected.
app/[locale]/(dashboard)/customer/page.tsx(417,15): error TS1109: Expression expected.
app/[locale]/(dashboard)/customer/page.tsx(418,13): error TS1109: Expression expected.
app/[locale]/(dashboard)/customer/page.tsx(419,11): error TS1109: Expression expected.
app/[locale]/(dashboard)/customer/page.tsx(420,9): error TS1109: Expression expected.
app/[locale]/(dashboard)/customer/page.tsx(421,7): error TS1109: Expression expected.
app/[locale]/(dashboard)/customer/page.tsx(434,7): error TS1128: Declaration or statement expected.
app/[locale]/(dashboard)/customer/page.tsx(435,5): error TS1109: Expression expected.
app/[locale]/(dashboard)/customer/page.tsx(436,3): error TS1109: Expression expected.
app/[locale]/(dashboard)/customer/skin-profile/page.tsx(314,14): error TS17008: JSX element 'div' has no corresponding closing tag.
app/[locale]/(dashboard)/customer/skin-profile/page.tsx(376,18): error TS17008: JSX element 'Card' has no corresponding closing tag.
app/[locale]/(dashboard)/customer/skin-profile/page.tsx(401,19): error TS17002: Expected corresponding JSX closing tag for 'CardContent'.
app/[locale]/(dashboard)/customer/skin-profile/page.tsx(402,17): error TS1381: Unexpected token. Did you mean `{'}'}` or `&rbrace;`?
app/[locale]/(dashboard)/customer/skin-profile/page.tsx(405,10): error TS1005: ':' expected.
app/[locale]/(dashboard)/sales/page.tsx(111,22): error TS1127: Invalid character.
app/[locale]/(dashboard)/sales/page.tsx(111,23): error TS1003: Identifier expected.
app/[locale]/(dashboard)/sales/page.tsx(111,92): error TS1002: Unterminated string literal.
app/[locale]/(dashboard)/sales/page.tsx(112,21): error TS1005: ';' expected.
app/[locale]/(dashboard)/sales/page.tsx(112,31): error TS1127: Invalid character.
app/[locale]/(dashboard)/sales/page.tsx(112,73): error TS1002: Unterminated string literal.
app/[locale]/(dashboard)/sales/page.tsx(113,12): error TS1005: ';' expected.
app/[locale]/(dashboard)/sales/page.tsx(113,22): error TS1127: Invalid character.
app/[locale]/(dashboard)/sales/page.tsx(113,141): error TS1002: Unterminated string literal.
app/[locale]/(dashboard)/sales/page.tsx(114,7): error TS1128: Declaration or statement expected.
app/[locale]/(dashboard)/sales/page.tsx(115,5): error TS1109: Expression expected.
app/[locale]/(dashboard)/sales/page.tsx(122,17): error TS1127: Invalid character.
app/[locale]/(dashboard)/sales/page.tsx(122,18): error TS1003: Identifier expected.
app/[locale]/(dashboard)/sales/page.tsx(122,55): error TS1002: Unterminated string literal.
app/[locale]/(dashboard)/sales/page.tsx(142,22): error TS1127: Invalid character.
app/[locale]/(dashboard)/sales/page.tsx(142,23): error TS1003: Identifier expected.
app/[locale]/(dashboard)/sales/page.tsx(142,95): error TS1002: Unterminated string literal.
app/[locale]/(dashboard)/sales/page.tsx(143,14): error TS1005: ';' expected.
app/[locale]/(dashboard)/sales/page.tsx(143,24): error TS1127: Invalid character.
app/[locale]/(dashboard)/sales/page.tsx(143,38): error TS1002: Unterminated string literal.
app/[locale]/(dashboard)/sales/page.tsx(145,22): error TS1136: Property assignment expected.
app/[locale]/(dashboard)/sales/page.tsx(145,37): error TS1005: ';' expected.
app/[locale]/(dashboard)/sales/page.tsx(146,22): error TS1136: Property assignment expected.
app/[locale]/(dashboard)/sales/page.tsx(146,37): error TS1005: ';' expected.
app/[locale]/(dashboard)/sales/page.tsx(146,42): error TS1128: Declaration or statement expected.
app/[locale]/(dashboard)/sales/page.tsx(147,23): error TS1127: Invalid character.
app/[locale]/(dashboard)/sales/page.tsx(147,113): error TS1002: Unterminated string literal.
app/[locale]/(dashboard)/sales/page.tsx(149,31): error TS1127: Invalid character.
app/[locale]/(dashboard)/sales/page.tsx(149,32): error TS1003: Identifier expected.
app/[locale]/(dashboard)/sales/page.tsx(149,67): error TS1002: Unterminated string literal.
app/[locale]/(dashboard)/sales/page.tsx(150,13): error TS1434: Unexpected keyword or identifier.
app/[locale]/(dashboard)/sales/page.tsx(150,21): error TS1434: Unexpected keyword or identifier.
app/[locale]/(dashboard)/sales/page.tsx(151,11): error TS1128: Declaration or statement expected.
app/[locale]/(dashboard)/sales/page.tsx(156,23): error TS1127: Invalid character.
app/[locale]/(dashboard)/sales/page.tsx(156,24): error TS1003: Identifier expected.
app/[locale]/(dashboard)/sales/page.tsx(156,99): error TS1002: Unterminated string literal.
app/[locale]/(dashboard)/sales/page.tsx(158,25): error TS1005: ';' expected.
app/[locale]/(dashboard)/sales/page.tsx(158,35): error TS1127: Invalid character.
app/[locale]/(dashboard)/sales/page.tsx(158,71): error TS1002: Unterminated string literal.
app/[locale]/(dashboard)/sales/page.tsx(159,11): error TS1128: Declaration or statement expected.
app/[locale]/(dashboard)/sales/page.tsx(164,23): error TS1127: Invalid character.
app/[locale]/(dashboard)/sales/page.tsx(164,24): error TS1003: Identifier expected.
app/[locale]/(dashboard)/sales/page.tsx(164,74): error TS1002: Unterminated string literal.
app/[locale]/(dashboard)/sales/page.tsx(166,27): error TS1005: ';' expected.
app/[locale]/(dashboard)/sales/page.tsx(166,56): error TS1005: ';' expected.
app/[locale]/(dashboard)/sales/page.tsx(166,71): error TS1005: ';' expected.
app/[locale]/(dashboard)/sales/page.tsx(166,78): error TS1434: Unexpected keyword or identifier.
app/[locale]/(dashboard)/sales/page.tsx(167,11): error TS1003: Identifier expected.
app/[locale]/(dashboard)/sales/page.tsx(168,9): error TS1109: Expression expected.
app/[locale]/(dashboard)/sales/page.tsx(174,21): error TS1127: Invalid character.
app/[locale]/(dashboard)/sales/page.tsx(174,22): error TS1003: Identifier expected.
app/[locale]/(dashboard)/sales/page.tsx(174,45): error TS1002: Unterminated string literal.
app/[locale]/(dashboard)/sales/page.tsx(176,22): error TS1127: Invalid character.
app/[locale]/(dashboard)/sales/page.tsx(176,23): error TS1003: Identifier expected.
app/[locale]/(dashboard)/sales/page.tsx(176,43): error TS1002: Unterminated string literal.
app/[locale]/(dashboard)/sales/page.tsx(177,21): error TS1005: ';' expected.
app/[locale]/(dashboard)/sales/page.tsx(177,31): error TS1127: Invalid character.
app/[locale]/(dashboard)/sales/page.tsx(177,129): error TS1002: Unterminated string literal.
app/[locale]/(dashboard)/sales/page.tsx(178,25): error TS1005: ';' expected.
app/[locale]/(dashboard)/sales/page.tsx(178,32): error TS1127: Invalid character.
app/[locale]/(dashboard)/sales/page.tsx(178,108): error TS1002: Unterminated string literal.
app/[locale]/(dashboard)/sales/page.tsx(179,15): error TS1435: Unknown keyword or identifier. Did you mean 'new'?
app/[locale]/(dashboard)/sales/page.tsx(179,19): error TS1434: Unexpected keyword or identifier.
app/[locale]/(dashboard)/sales/page.tsx(180,13): error TS1128: Declaration or statement expected.
app/[locale]/(dashboard)/sales/page.tsx(181,11): error TS1109: Expression expected.
app/[locale]/(dashboard)/sales/page.tsx(183,21): error TS1127: Invalid character.
app/[locale]/(dashboard)/sales/page.tsx(183,22): error TS1003: Identifier expected.
app/[locale]/(dashboard)/sales/page.tsx(183,32): error TS1002: Unterminated string literal.
app/[locale]/(dashboard)/sales/page.tsx(184,23): error TS1127: Invalid character.
app/[locale]/(dashboard)/sales/page.tsx(184,135): error TS1002: Unterminated string literal.
app/[locale]/(dashboard)/sales/page.tsx(186,30): error TS1127: Invalid character.
app/[locale]/(dashboard)/sales/page.tsx(186,31): error TS1003: Identifier expected.
app/[locale]/(dashboard)/sales/page.tsx(186,79): error TS1002: Unterminated string literal.
app/[locale]/(dashboard)/sales/page.tsx(187,13): error TS1434: Unexpected keyword or identifier.
app/[locale]/(dashboard)/sales/page.tsx(188,11): error TS1128: Declaration or statement expected.
app/[locale]/(dashboard)/sales/page.tsx(189,9): error TS1109: Expression expected.
app/[locale]/(dashboard)/sales/page.tsx(190,7): error TS1109: Expression expected.
app/[locale]/(dashboard)/sales/page.tsx(192,22): error TS1127: Invalid character.
app/[locale]/(dashboard)/sales/page.tsx(192,23): error TS1003: Identifier expected.
app/[locale]/(dashboard)/sales/page.tsx(192,84): error TS1002: Unterminated string literal.
app/[locale]/(dashboard)/sales/page.tsx(194,17): error TS1127: Invalid character.
app/[locale]/(dashboard)/sales/page.tsx(194,37): error TS1002: Unterminated string literal.
app/[locale]/(dashboard)/sales/page.tsx(195,28): error TS1005: ',' expected.
app/[locale]/(dashboard)/sales/page.tsx(195,42): error TS1005: ',' expected.
app/[locale]/(dashboard)/sales/page.tsx(195,46): error TS1128: Declaration or statement expected.
app/[locale]/(dashboard)/sales/page.tsx(196,18): error TS1127: Invalid character.
app/[locale]/(dashboard)/sales/page.tsx(196,23): error TS1002: Unterminated string literal.
app/[locale]/(dashboard)/sales/page.tsx(197,38): error TS1005: ',' expected.
app/[locale]/(dashboard)/sales/page.tsx(197,41): error TS1005: ',' expected.
app/[locale]/(dashboard)/sales/page.tsx(198,17): error TS1127: Invalid character.
app/[locale]/(dashboard)/sales/page.tsx(198,23): error TS1002: Unterminated string literal.
app/[locale]/(dashboard)/sales/page.tsx(199,29): error TS1005: ',' expected.
app/[locale]/(dashboard)/sales/page.tsx(199,43): error TS1005: ',' expected.
app/[locale]/(dashboard)/sales/page.tsx(199,50): error TS1128: Declaration or statement expected.
app/[locale]/(dashboard)/sales/page.tsx(200,21): error TS1127: Invalid character.
app/[locale]/(dashboard)/sales/page.tsx(200,28): error TS1002: Unterminated string literal.
app/[locale]/(dashboard)/sales/page.tsx(201,10): error TS1109: Expression expected.
app/[locale]/(dashboard)/sales/page.tsx(203,17): error TS1127: Invalid character.
app/[locale]/(dashboard)/sales/page.tsx(203,18): error TS1003: Identifier expected.
app/[locale]/(dashboard)/sales/page.tsx(203,37): error TS1002: Unterminated string literal.
app/[locale]/(dashboard)/sales/page.tsx(204,28): error TS1005: ',' expected.
app/[locale]/(dashboard)/sales/page.tsx(204,43): error TS1005: ',' expected.
app/[locale]/(dashboard)/sales/page.tsx(204,47): error TS1128: Declaration or statement expected.
app/[locale]/(dashboard)/sales/page.tsx(205,23): error TS1005: ',' expected.
app/[locale]/(dashboard)/sales/page.tsx(205,26): error TS1005: ',' expected.
app/[locale]/(dashboard)/sales/page.tsx(206,17): error TS1127: Invalid character.
app/[locale]/(dashboard)/sales/page.tsx(206,28): error TS1002: Unterminated string literal.
app/[locale]/(dashboard)/sales/page.tsx(207,21): error TS1127: Invalid character.
app/[locale]/(dashboard)/sales/page.tsx(207,28): error TS1002: Unterminated string literal.
app/[locale]/(dashboard)/sales/page.tsx(208,10): error TS1109: Expression expected.
app/[locale]/(dashboard)/sales/page.tsx(210,17): error TS1127: Invalid character.
app/[locale]/(dashboard)/sales/page.tsx(210,18): error TS1003: Identifier expected.
app/[locale]/(dashboard)/sales/page.tsx(210,37): error TS1002: Unterminated string literal.
app/[locale]/(dashboard)/sales/page.tsx(211,28): error TS1005: ',' expected.
app/[locale]/(dashboard)/sales/page.tsx(211,46): error TS1005: ',' expected.
app/[locale]/(dashboard)/sales/page.tsx(211,50): error TS1128: Declaration or statement expected.
app/[locale]/(dashboard)/sales/page.tsx(212,18): error TS1127: Invalid character.
app/[locale]/(dashboard)/sales/page.tsx(212,23): error TS1002: Unterminated string literal.
app/[locale]/(dashboard)/sales/page.tsx(213,27): error TS1005: ',' expected.
app/[locale]/(dashboard)/sales/page.tsx(213,30): error TS1005: ',' expected.
app/[locale]/(dashboard)/sales/page.tsx(214,17): error TS1127: Invalid character.
app/[locale]/(dashboard)/sales/page.tsx(214,23): error TS1002: Unterminated string literal.
app/[locale]/(dashboard)/sales/page.tsx(215,22): error TS1005: ':' expected.
app/[locale]/(dashboard)/sales/page.tsx(216,21): error TS1127: Invalid character.
app/[locale]/(dashboard)/sales/page.tsx(216,28): error TS1002: Unterminated string literal.
app/[locale]/(dashboard)/sales/page.tsx(217,10): error TS1109: Expression expected.
app/[locale]/(dashboard)/sales/page.tsx(219,17): error TS1127: Invalid character.
app/[locale]/(dashboard)/sales/page.tsx(219,18): error TS1003: Identifier expected.
app/[locale]/(dashboard)/sales/page.tsx(219,42): error TS1002: Unterminated string literal.
app/[locale]/(dashboard)/sales/page.tsx(220,28): error TS1005: ',' expected.
app/[locale]/(dashboard)/sales/page.tsx(220,39): error TS1005: ',' expected.
app/[locale]/(dashboard)/sales/page.tsx(220,43): error TS1128: Declaration or statement expected.
app/[locale]/(dashboard)/sales/page.tsx(221,18): error TS1127: Invalid character.
app/[locale]/(dashboard)/sales/page.tsx(221,23): error TS1002: Unterminated string literal.
app/[locale]/(dashboard)/sales/page.tsx(222,24): error TS1005: ',' expected.
app/[locale]/(dashboard)/sales/page.tsx(222,27): error TS1005: ',' expected.
app/[locale]/(dashboard)/sales/page.tsx(223,21): error TS1127: Invalid character.
app/[locale]/(dashboard)/sales/page.tsx(223,37): error TS1002: Unterminated string literal.
app/[locale]/(dashboard)/sales/page.tsx(224,21): error TS1127: Invalid character.
app/[locale]/(dashboard)/sales/page.tsx(224,28): error TS1002: Unterminated string literal.
app/[locale]/(dashboard)/sales/page.tsx(225,10): error TS1109: Expression expected.
app/[locale]/(dashboard)/sales/page.tsx(226,7): error TS1109: Expression expected.
app/[locale]/(dashboard)/sales/page.tsx(228,22): error TS1127: Invalid character.
app/[locale]/(dashboard)/sales/page.tsx(228,23): error TS1003: Identifier expected.
app/[locale]/(dashboard)/sales/page.tsx(228,70): error TS1002: Unterminated string literal.
app/[locale]/(dashboard)/sales/page.tsx(229,14): error TS1005: ';' expected.
app/[locale]/(dashboard)/sales/page.tsx(229,24): error TS1127: Invalid character.
app/[locale]/(dashboard)/sales/page.tsx(229,53): error TS1002: Unterminated string literal.
app/[locale]/(dashboard)/sales/page.tsx(230,17): error TS1005: ';' expected.
app/[locale]/(dashboard)/sales/page.tsx(230,27): error TS1127: Invalid character.
app/[locale]/(dashboard)/sales/page.tsx(230,100): error TS1002: Unterminated string literal.
app/[locale]/(dashboard)/sales/page.tsx(231,25): error TS1005: ';' expected.
app/[locale]/(dashboard)/sales/page.tsx(231,35): error TS1127: Invalid character.
app/[locale]/(dashboard)/sales/page.tsx(231,128): error TS1002: Unterminated string literal.
app/[locale]/(dashboard)/sales/page.tsx(232,20): error TS1005: ';' expected.
app/[locale]/(dashboard)/sales/page.tsx(232,30): error TS1127: Invalid character.
app/[locale]/(dashboard)/sales/page.tsx(232,58): error TS1002: Unterminated string literal.
app/[locale]/(dashboard)/sales/page.tsx(233,22): error TS1005: ';' expected.
app/[locale]/(dashboard)/sales/page.tsx(233,32): error TS1127: Invalid character.
app/[locale]/(dashboard)/sales/page.tsx(233,156): error TS1002: Unterminated string literal.
app/[locale]/(dashboard)/sales/page.tsx(234,40): error TS1005: ';' expected.
app/[locale]/(dashboard)/sales/page.tsx(234,47): error TS1127: Invalid character.
app/[locale]/(dashboard)/sales/page.tsx(234,83): error TS1002: Unterminated string literal.
app/[locale]/(dashboard)/sales/page.tsx(235,17): error TS1128: Declaration or statement expected.
app/[locale]/(dashboard)/sales/page.tsx(236,17): error TS2657: JSX expressions must have one parent element.
app/[locale]/(dashboard)/sales/page.tsx(237,40): error TS1127: Invalid character.
app/[locale]/(dashboard)/sales/page.tsx(237,87): error TS1382: Unexpected token. Did you mean `{'>'}` or `&gt;`?
app/[locale]/(dashboard)/sales/page.tsx(237,108): error TS17002: Expected corresponding JSX closing tag for 'div'.
app/[locale]/(dashboard)/sales/page.tsx(238,32): error TS1127: Invalid character.
app/[locale]/(dashboard)/sales/page.tsx(238,33): error TS1003: Identifier expected.
app/[locale]/(dashboard)/sales/page.tsx(238,33): error TS1005: ';' expected.
app/[locale]/(dashboard)/sales/page.tsx(238,151): error TS1002: Unterminated string literal.
app/[locale]/(dashboard)/sales/page.tsx(239,17): error TS1128: Declaration or statement expected.
app/[locale]/(dashboard)/sales/page.tsx(240,15): error TS1109: Expression expected.
app/[locale]/(dashboard)/sales/page.tsx(241,26): error TS1127: Invalid character.
app/[locale]/(dashboard)/sales/page.tsx(241,27): error TS1003: Identifier expected.
app/[locale]/(dashboard)/sales/page.tsx(241,47): error TS1002: Unterminated string literal.
app/[locale]/(dashboard)/sales/page.tsx(242,25): error TS1005: ';' expected.
app/[locale]/(dashboard)/sales/page.tsx(242,33): error TS1127: Invalid character.
app/[locale]/(dashboard)/sales/page.tsx(242,165): error TS1002: Unterminated string literal.
app/[locale]/(dashboard)/sales/page.tsx(243,19): error TS1434: Unexpected keyword or identifier.
app/[locale]/(dashboard)/sales/page.tsx(243,47): error TS1005: ';' expected.
app/[locale]/(dashboard)/sales/page.tsx(243,54): error TS1127: Invalid character.
app/[locale]/(dashboard)/sales/page.tsx(243,91): error TS1002: Unterminated string literal.
app/[locale]/(dashboard)/sales/page.tsx(244,17): error TS1128: Declaration or statement expected.
app/[locale]/(dashboard)/sales/page.tsx(245,15): error TS1109: Expression expected.
app/[locale]/(dashboard)/sales/page.tsx(246,13): error TS1109: Expression expected.
app/[locale]/(dashboard)/sales/page.tsx(247,36): error TS1127: Invalid character.
app/[locale]/(dashboard)/sales/page.tsx(247,37): error TS1003: Identifier expected.
app/[locale]/(dashboard)/sales/page.tsx(247,44): error TS1002: Unterminated string literal.
app/[locale]/(dashboard)/sales/page.tsx(248,35): error TS1005: ';' expected.
app/[locale]/(dashboard)/sales/page.tsx(248,50): error TS1005: ',' expected.
app/[locale]/(dashboard)/sales/page.tsx(248,55): error TS1128: Declaration or statement expected.
app/[locale]/(dashboard)/sales/page.tsx(248,57): error TS1161: Unterminated regular expression literal.
app/[locale]/(dashboard)/sales/page.tsx(249,13): error TS1128: Declaration or statement expected.
app/[locale]/(dashboard)/sales/page.tsx(250,11): error TS1109: Expression expected.
app/[locale]/(dashboard)/sales/page.tsx(252,26): error TS1127: Invalid character.
app/[locale]/(dashboard)/sales/page.tsx(252,27): error TS1003: Identifier expected.
app/[locale]/(dashboard)/sales/page.tsx(252,68): error TS1002: Unterminated string literal.
app/[locale]/(dashboard)/sales/page.tsx(253,32): error TS1005: ';' expected.
app/[locale]/(dashboard)/sales/page.tsx(253,47): error TS1005: ',' expected.
app/[locale]/(dashboard)/sales/page.tsx(253,52): error TS1128: Declaration or statement expected.
app/[locale]/(dashboard)/sales/page.tsx(253,54): error TS1161: Unterminated regular expression literal.
app/[locale]/(dashboard)/sales/page.tsx(254,27): error TS1005: ';' expected.
app/[locale]/(dashboard)/sales/page.tsx(254,60): error TS1005: ',' expected.
app/[locale]/(dashboard)/sales/page.tsx(254,72): error TS1128: Declaration or statement expected.
app/[locale]/(dashboard)/sales/page.tsx(254,74): error TS1161: Unterminated regular expression literal.
app/[locale]/(dashboard)/sales/page.tsx(255,11): error TS1128: Declaration or statement expected.
app/[locale]/(dashboard)/sales/page.tsx(256,9): error TS1109: Expression expected.
app/[locale]/(dashboard)/sales/page.tsx(258,24): error TS1127: Invalid character.
app/[locale]/(dashboard)/sales/page.tsx(258,25): error TS1003: Identifier expected.
app/[locale]/(dashboard)/sales/page.tsx(258,39): error TS1002: Unterminated string literal.
app/[locale]/(dashboard)/sales/page.tsx(259,17): error TS1005: ';' expected.
app/[locale]/(dashboard)/sales/page.tsx(259,27): error TS1127: Invalid character.
app/[locale]/(dashboard)/sales/page.tsx(259,162): error TS1002: Unterminated string literal.
app/[locale]/(dashboard)/sales/page.tsx(260,18): error TS1005: ';' expected.
app/[locale]/(dashboard)/sales/page.tsx(260,28): error TS1127: Invalid character.
app/[locale]/(dashboard)/sales/page.tsx(260,150): error TS1002: Unterminated string literal.
app/[locale]/(dashboard)/sales/page.tsx(261,24): error TS1005: ';' expected.
app/[locale]/(dashboard)/sales/page.tsx(261,34): error TS1127: Invalid character.
app/[locale]/(dashboard)/sales/page.tsx(261,63): error TS1002: Unterminated string literal.
app/[locale]/(dashboard)/sales/page.tsx(262,13): error TS1128: Declaration or statement expected.
app/[locale]/(dashboard)/sales/page.tsx(264,35): error TS1127: Invalid character.
app/[locale]/(dashboard)/sales/page.tsx(264,36): error TS1003: Identifier expected.
app/[locale]/(dashboard)/sales/page.tsx(264,82): error TS1002: Unterminated string literal.
app/[locale]/(dashboard)/sales/page.tsx(265,26): error TS1005: ';' expected.
app/[locale]/(dashboard)/sales/page.tsx(265,36): error TS1127: Invalid character.
app/[locale]/(dashboard)/sales/page.tsx(265,123): error TS1002: Unterminated string literal.
app/[locale]/(dashboard)/sales/page.tsx(266,26): error TS1005: ';' expected.
app/[locale]/(dashboard)/sales/page.tsx(266,33): error TS1127: Invalid character.
app/[locale]/(dashboard)/sales/page.tsx(266,69): error TS1002: Unterminated string literal.
app/[locale]/(dashboard)/sales/page.tsx(267,17): error TS1434: Unexpected keyword or identifier.
app/[locale]/(dashboard)/sales/page.tsx(268,15): error TS1128: Declaration or statement expected.
app/[locale]/(dashboard)/sales/page.tsx(269,13): error TS1109: Expression expected.
app/[locale]/(dashboard)/sales/page.tsx(270,36): error TS1127: Invalid character.
app/[locale]/(dashboard)/sales/page.tsx(270,37): error TS1003: Identifier expected.
app/[locale]/(dashboard)/sales/page.tsx(270,44): error TS1002: Unterminated string literal.
app/[locale]/(dashboard)/sales/page.tsx(271,33): error TS1005: ';' expected.
app/[locale]/(dashboard)/sales/page.tsx(271,48): error TS1005: ',' expected.
app/[locale]/(dashboard)/sales/page.tsx(271,53): error TS1128: Declaration or statement expected.
app/[locale]/(dashboard)/sales/page.tsx(271,94): error TS1109: Expression expected.
app/[locale]/(dashboard)/sales/page.tsx(272,13): error TS1109: Expression expected.
app/[locale]/(dashboard)/sales/page.tsx(273,11): error TS1109: Expression expected.
app/[locale]/(dashboard)/sales/page.tsx(275,27): error TS1127: Invalid character.
app/[locale]/(dashboard)/sales/page.tsx(275,28): error TS1003: Identifier expected.
app/[locale]/(dashboard)/sales/page.tsx(275,94): error TS1002: Unterminated string literal.
app/[locale]/(dashboard)/sales/page.tsx(276,25): error TS1005: ';' expected.
app/[locale]/(dashboard)/sales/page.tsx(276,35): error TS1127: Invalid character.
app/[locale]/(dashboard)/sales/page.tsx(276,85): error TS1002: Unterminated string literal.
app/[locale]/(dashboard)/sales/page.tsx(277,20): error TS1005: ';' expected.
app/[locale]/(dashboard)/sales/page.tsx(277,30): error TS1127: Invalid character.
app/[locale]/(dashboard)/sales/page.tsx(277,58): error TS1002: Unterminated string literal.
app/[locale]/(dashboard)/sales/page.tsx(278,22): error TS1005: ';' expected.
app/[locale]/(dashboard)/sales/page.tsx(278,32): error TS1127: Invalid character.
app/[locale]/(dashboard)/sales/page.tsx(278,155): error TS1002: Unterminated string literal.
app/[locale]/(dashboard)/sales/page.tsx(279,31): error TS1005: ';' expected.
app/[locale]/(dashboard)/sales/page.tsx(279,38): error TS1127: Invalid character.
app/[locale]/(dashboard)/sales/page.tsx(279,74): error TS1002: Unterminated string literal.
app/[locale]/(dashboard)/sales/page.tsx(280,17): error TS1128: Declaration or statement expected.
app/[locale]/(dashboard)/sales/page.tsx(281,38): error TS1127: Invalid character.
app/[locale]/(dashboard)/sales/page.tsx(281,39): error TS1003: Identifier expected.
app/[locale]/(dashboard)/sales/page.tsx(281,133): error TS1002: Unterminated string literal.
app/[locale]/(dashboard)/sales/page.tsx(282,15): error TS1128: Declaration or statement expected.
app/[locale]/(dashboard)/sales/page.tsx(283,13): error TS1109: Expression expected.
app/[locale]/(dashboard)/sales/page.tsx(284,36): error TS1127: Invalid character.
app/[locale]/(dashboard)/sales/page.tsx(284,37): error TS1003: Identifier expected.
app/[locale]/(dashboard)/sales/page.tsx(284,54): error TS1002: Unterminated string literal.
app/[locale]/(dashboard)/sales/page.tsx(286,32): error TS1005: ',' expected.
app/[locale]/(dashboard)/sales/page.tsx(286,37): error TS1128: Declaration or statement expected.
app/[locale]/(dashboard)/sales/page.tsx(288,26): error TS1136: Property assignment expected.
app/[locale]/(dashboard)/sales/page.tsx(288,29): error TS1005: ';' expected.
app/[locale]/(dashboard)/sales/page.tsx(288,56): error TS1128: Declaration or statement expected.
app/[locale]/(dashboard)/sales/page.tsx(289,15): error TS1161: Unterminated regular expression literal.
app/[locale]/(dashboard)/sales/page.tsx(290,13): error TS1128: Declaration or statement expected.
app/[locale]/(dashboard)/sales/page.tsx(291,11): error TS1109: Expression expected.
app/[locale]/(dashboard)/sales/page.tsx(293,27): error TS1127: Invalid character.
app/[locale]/(dashboard)/sales/page.tsx(293,28): error TS1003: Identifier expected.
app/[locale]/(dashboard)/sales/page.tsx(293,127): error TS1002: Unterminated string literal.
app/[locale]/(dashboard)/sales/page.tsx(294,18): error TS1005: ';' expected.
app/[locale]/(dashboard)/sales/page.tsx(294,28): error TS1127: Invalid character.
app/[locale]/(dashboard)/sales/page.tsx(294,166): error TS1002: Unterminated string literal.
app/[locale]/(dashboard)/sales/page.tsx(295,18): error TS1005: ';' expected.
app/[locale]/(dashboard)/sales/page.tsx(295,28): error TS1127: Invalid character.
app/[locale]/(dashboard)/sales/page.tsx(295,70): error TS1002: Unterminated string literal.
app/[locale]/(dashboard)/sales/page.tsx(296,22): error TS1005: ';' expected.
app/[locale]/(dashboard)/sales/page.tsx(296,29): error TS1127: Invalid character.
app/[locale]/(dashboard)/sales/page.tsx(296,121): error TS1002: Unterminated string literal.
app/[locale]/(dashboard)/sales/page.tsx(297,19): error TS1005: ';' expected.
app/[locale]/(dashboard)/sales/page.tsx(297,29): error TS1127: Invalid character.
app/[locale]/(dashboard)/sales/page.tsx(297,118): error TS1002: Unterminated string literal.
app/[locale]/(dashboard)/sales/page.tsx(298,13): error TS1128: Declaration or statement expected.
app/[locale]/(dashboard)/sales/page.tsx(299,26): error TS1127: Invalid character.
app/[locale]/(dashboard)/sales/page.tsx(299,27): error TS1003: Identifier expected.
app/[locale]/(dashboard)/sales/page.tsx(299,109): error TS1002: Unterminated string literal.
app/[locale]/(dashboard)/sales/page.tsx(300,15): error TS1434: Unexpected keyword or identifier.
app/[locale]/(dashboard)/sales/page.tsx(300,29): error TS1434: Unexpected keyword or identifier.
app/[locale]/(dashboard)/sales/page.tsx(300,40): error TS1434: Unexpected keyword or identifier.
app/[locale]/(dashboard)/sales/page.tsx(300,45): error TS1434: Unexpected keyword or identifier.
app/[locale]/(dashboard)/sales/page.tsx(300,52): error TS1434: Unexpected keyword or identifier.
app/[locale]/(dashboard)/sales/page.tsx(300,74): error TS1005: ';' expected.
app/[locale]/(dashboard)/sales/page.tsx(300,83): error TS1228: A type predicate is only allowed in return type position for functions and methods.
app/[locale]/(dashboard)/sales/page.tsx(300,86): error TS1434: Unexpected keyword or identifier.
app/[locale]/(dashboard)/sales/page.tsx(300,107): error TS1005: ';' expected.
app/[locale]/(dashboard)/sales/page.tsx(301,13): error TS1003: Identifier expected.
app/[locale]/(dashboard)/sales/page.tsx(302,11): error TS1109: Expression expected.
app/[locale]/(dashboard)/sales/page.tsx(303,9): error TS1109: Expression expected.
app/[locale]/(dashboard)/sales/page.tsx(304,7): error TS1109: Expression expected.
app/[locale]/(dashboard)/sales/page.tsx(305,5): error TS1109: Expression expected.
app/[locale]/(dashboard)/sales/page.tsx(306,3): error TS1109: Expression expected.
app/[locale]/(dashboard)/sales/page.tsx(307,1): error TS1128: Declaration or statement expected.
